Archive member included to satisfy reference by file (symbol)

C:/Users/Sim/AppData/Local/Programs/GCC_13_3/com.st.stm32cube.ide.mcu.externaltools.gnu-tools-for-stm32.13.3.rel1.win32_1.0.100.202509120712/tools/bin/../lib/gcc/arm-none-eabi/13.3.1/../../../../arm-none-eabi/lib/thumb/v7e-m+dp/hard\libc_nano.a(libc_a-exit.o)
                              C:/Users/Sim/AppData/Local/Programs/GCC_13_3/com.st.stm32cube.ide.mcu.externaltools.gnu-tools-for-stm32.13.3.rel1.win32_1.0.100.202509120712/tools/bin/../lib/gcc/arm-none-eabi/13.3.1/../../../../arm-none-eabi/lib/thumb/v7e-m+dp/hard/crt0.o (exit)
C:/Users/Sim/AppData/Local/Programs/GCC_13_3/com.st.stm32cube.ide.mcu.externaltools.gnu-tools-for-stm32.13.3.rel1.win32_1.0.100.202509120712/tools/bin/../lib/gcc/arm-none-eabi/13.3.1/../../../../arm-none-eabi/lib/thumb/v7e-m+dp/hard\libc_nano.a(libc_a-malloc.o)
                              ./Middlewares/ST/STM32_USB_Device_Library/Class/CDC/Src/usbd_cdc.o (malloc)
C:/Users/Sim/AppData/Local/Programs/GCC_13_3/com.st.stm32cube.ide.mcu.externaltools.gnu-tools-for-stm32.13.3.rel1.win32_1.0.100.202509120712/tools/bin/../lib/gcc/arm-none-eabi/13.3.1/../../../../arm-none-eabi/lib/thumb/v7e-m+dp/hard\libc_nano.a(libc_a-mallocr.o)
                              C:/Users/Sim/AppData/Local/Programs/GCC_13_3/com.st.stm32cube.ide.mcu.externaltools.gnu-tools-for-stm32.13.3.rel1.win32_1.0.100.202509120712/tools/bin/../lib/gcc/arm-none-eabi/13.3.1/../../../../arm-none-eabi/lib/thumb/v7e-m+dp/hard\libc_nano.a(libc_a-malloc.o) (_malloc_r)
C:/Users/Sim/AppData/Local/Programs/GCC_13_3/com.st.stm32cube.ide.mcu.externaltools.gnu-tools-for-stm32.13.3.rel1.win32_1.0.100.202509120712/tools/bin/../lib/gcc/arm-none-eabi/13.3.1/../../../../arm-none-eabi/lib/thumb/v7e-m+dp/hard\libc_nano.a(libc_a-mlock.o)
                              C:/Users/Sim/AppData/Local/Programs/GCC_13_3/com.st.stm32cube.ide.mcu.externaltools.gnu-tools-for-stm32.13.3.rel1.win32_1.0.100.202509120712/tools/bin/../lib/gcc/arm-none-eabi/13.3.1/../../../../arm-none-eabi/lib/thumb/v7e-m+dp/hard\libc_nano.a(libc_a-mallocr.o) (__malloc_lock)
C:/Users/Sim/AppData/Local/Programs/GCC_13_3/com.st.stm32cube.ide.mcu.externaltools.gnu-tools-for-stm32.13.3.rel1.win32_1.0.100.202509120712/tools/bin/../lib/gcc/arm-none-eabi/13.3.1/../../../../arm-none-eabi/lib/thumb/v7e-m+dp/hard\libc_nano.a(libc_a-findfp.o)
                              C:/Users/Sim/AppData/Local/Programs/GCC_13_3/com.st.stm32cube.ide.mcu.externaltools.gnu-tools-for-stm32.13.3.rel1.win32_1.0.100.202509120712/tools/bin/../lib/gcc/arm-none-eabi/13.3.1/../../../../arm-none-eabi/lib/thumb/v7e-m+dp/hard\libc_nano.a(libc_a-exit.o) (__stdio_exit_handler)
C:/Users/Sim/AppData/Local/Programs/GCC_13_3/com.st.stm32cube.ide.mcu.externaltools.gnu-tools-for-stm32.13.3.rel1.win32_1.0.100.202509120712/tools/bin/../lib/gcc/arm-none-eabi/13.3.1/../../../../arm-none-eabi/lib/thumb/v7e-m+dp/hard\libc_nano.a(libc_a-fwalk.o)
                              C:/Users/Sim/AppData/Local/Programs/GCC_13_3/com.st.stm32cube.ide.mcu.externaltools.gnu-tools-for-stm32.13.3.rel1.win32_1.0.100.202509120712/tools/bin/../lib/gcc/arm-none-eabi/13.3.1/../../../../arm-none-eabi/lib/thumb/v7e-m+dp/hard\libc_nano.a(libc_a-findfp.o) (_fwalk_sglue)
C:/Users/Sim/AppData/Local/Programs/GCC_13_3/com.st.stm32cube.ide.mcu.externaltools.gnu-tools-for-stm32.13.3.rel1.win32_1.0.100.202509120712/tools/bin/../lib/gcc/arm-none-eabi/13.3.1/../../../../arm-none-eabi/lib/thumb/v7e-m+dp/hard\libc_nano.a(libc_a-snprintf.o)
                              ./Core/Src/main.o (snprintf)
C:/Users/Sim/AppData/Local/Programs/GCC_13_3/com.st.stm32cube.ide.mcu.externaltools.gnu-tools-for-stm32.13.3.rel1.win32_1.0.100.202509120712/tools/bin/../lib/gcc/arm-none-eabi/13.3.1/../../../../arm-none-eabi/lib/thumb/v7e-m+dp/hard\libc_nano.a(libc_a-stdio.o)
                              C:/Users/Sim/AppData/Local/Programs/GCC_13_3/com.st.stm32cube.ide.mcu.externaltools.gnu-tools-for-stm32.13.3.rel1.win32_1.0.100.202509120712/tools/bin/../lib/gcc/arm-none-eabi/13.3.1/../../../../arm-none-eabi/lib/thumb/v7e-m+dp/hard\libc_nano.a(libc_a-findfp.o) (__sread)
C:/Users/Sim/AppData/Local/Programs/GCC_13_3/com.st.stm32cube.ide.mcu.externaltools.gnu-tools-for-stm32.13.3.rel1.win32_1.0.100.202509120712/tools/bin/../lib/gcc/arm-none-eabi/13.3.1/../../../../arm-none-eabi/lib/thumb/v7e-m+dp/hard\libc_nano.a(libc_a-memset.o)
                              C:/Users/Sim/AppData/Local/Programs/GCC_13_3/com.st.stm32cube.ide.mcu.externaltools.gnu-tools-for-stm32.13.3.rel1.win32_1.0.100.202509120712/tools/bin/../lib/gcc/arm-none-eabi/13.3.1/../../../../arm-none-eabi/lib/thumb/v7e-m+dp/hard/crt0.o (memset)
C:/Users/Sim/AppData/Local/Programs/GCC_13_3/com.st.stm32cube.ide.mcu.externaltools.gnu-tools-for-stm32.13.3.rel1.win32_1.0.100.202509120712/tools/bin/../lib/gcc/arm-none-eabi/13.3.1/../../../../arm-none-eabi/lib/thumb/v7e-m+dp/hard\libc_nano.a(libc_a-closer.o)
[...]
Memory Configuration

Name             Origin             Length             Attributes
RAM              0x20000000         0x00080000         xrw
FLASH            0x08000000         0x00200000         xr
*default*        0x00000000         0xffffffff

Linker script and memory map

LOAD C:/Users/Sim/AppData/Local/Programs/GCC_13_3/com.st.stm32cube.ide.mcu.externaltools.gnu-tools-for-stm32.13.3.rel1.win32_1.0.100.202509120712/tools/bin/../lib/gcc/arm-none-eabi/13.3.1/thumb/v7e-m+dp/hard/crti.o
LOAD C:/Users/Sim/AppData/Local/Programs/GCC_13_3/com.st.stm32cube.ide.mcu.externaltools.gnu-tools-for-stm32.13.3.rel1.win32_1.0.100.202509120712/tools/bin/../lib/gcc/arm-none-eabi/13.3.1/thumb/v7e-m+dp/hard/crtbegin.o
LOAD C:/Users/Sim/AppData/Local/Programs/GCC_13_3/com.st.stm32cube.ide.mcu.externaltools.gnu-tools-for-stm32.13.3.rel1.win32_1.0.100.202509120712/tools/bin/../lib/gcc/arm-none-eabi/13.3.1/../../../../arm-none-eabi/lib/thumb/v7e-m+dp/hard/crt0.o
LOAD ./Core/Src/main.o
LOAD ./Core/Src/stm32f7xx_hal_msp.o
LOAD ./Core/Src/stm32f7xx_it.o
LOAD ./Core/Src/syscalls.o
LOAD ./Core/Src/sysmem.o
LOAD ./Core/Src/system_stm32f7xx.o
LOAD ./Core/Startup/startup_stm32f767zitx.o
LOAD ./Drivers/STM32F7xx_HAL_Driver/Src/stm32f7xx_hal.o
LOAD ./Drivers/STM32F7xx_HAL_Driver/Src/stm32f7xx_hal_cortex.o
LOAD ./Drivers/STM32F7xx_HAL_Driver/Src/stm32f7xx_hal_dma.o
LOAD ./Drivers/STM32F7xx_HAL_Driver/Src/stm32f7xx_hal_dma2d.o
LOAD ./Drivers/STM32F7xx_HAL_Driver/Src/stm32f7xx_hal_dma_ex.o
LOAD ./Drivers/STM32F7xx_HAL_Driver/Src/stm32f7xx_hal_dsi.o
LOAD ./Drivers/STM32F7xx_HAL_Driver/Src/stm32f7xx_hal_eth.o
LOAD ./Drivers/STM32F7xx_HAL_Driver/Src/stm32f7xx_hal_exti.o
LOAD ./Drivers/STM32F7xx_HAL_Driver/Src/stm32f7xx_hal_flash.o
LOAD ./Drivers/STM32F7xx_HAL_Driver/Src/stm32f7xx_hal_flash_ex.o
LOAD ./Drivers/STM32F7xx_HAL_Driver/Src/stm32f7xx_hal_gpio.o
LOAD ./Drivers/STM32F7xx_HAL_Driver/Src/stm32f7xx_hal_i2c.o
LOAD ./Drivers/STM32F7xx_HAL_Driver/Src/stm32f7xx_hal_i2c_ex.o
LOAD ./Drivers/STM32F7xx_HAL_Driver/Src/stm32f7xx_hal_ltdc.o
LOAD ./Drivers/STM32F7xx_HAL_Driver/Src/stm32f7xx_hal_ltdc_ex.o
LOAD ./Drivers/STM32F7xx_HAL_Driver/Src/stm32f7xx_hal_mmc.o
LOAD ./Drivers/STM32F7xx_HAL_Driver/Src/stm32f7xx_hal_nand.o
LOAD ./Drivers/STM32F7xx_HAL_Driver/Src/stm32f7xx_hal_nor.o
LOAD ./Drivers/STM32F7xx_HAL_Driver/Src/stm32f7xx_hal_pcd.o
LOAD ./Drivers/STM32F7xx_HAL_Driver/Src/stm32f7xx_hal_pcd_ex.o
LOAD ./Drivers/STM32F7xx_HAL_Driver/Src/stm32f7xx_hal_pwr.o
LOAD ./Drivers/STM32F7xx_HAL_Driver/Src/stm32f7xx_hal_pwr_ex.o
LOAD ./Drivers/STM32F7xx_HAL_Driver/Src/stm32f7xx_hal_qspi.o
LOAD ./Drivers/STM32F7xx_HAL_Driver/Src/stm32f7xx_hal_rcc.o
LOAD ./Drivers/STM32F7xx_HAL_Driver/Src/stm32f7xx_hal_rcc_ex.o
LOAD ./Drivers/STM32F7xx_HAL_Driver/Src/stm32f7xx_hal_sd.o
LOAD ./Drivers/STM32F7xx_HAL_Driver/Src/stm32f7xx_hal_sdram.o
LOAD ./Drivers/STM32F7xx_HAL_Driver/Src/stm32f7xx_hal_spi.o
LOAD ./Drivers/STM32F7xx_HAL_Driver/Src/stm32f7xx_hal_spi_ex.o
LOAD ./Drivers/STM32F7xx_HAL_Driver/Src/stm32f7xx_hal_sram.o
LOAD ./Drivers/STM32F7xx_HAL_Driver/Src/stm32f7xx_hal_tim.o
LOAD ./Drivers/STM32F7xx_HAL_Driver/Src/stm32f7xx_hal_tim_ex.o
LOAD ./Drivers/STM32F7xx_HAL_Driver/Src/stm32f7xx_ll_fmc.o
LOAD ./Drivers/STM32F7xx_HAL_Driver/Src/stm32f7xx_ll_sdmmc.o
LOAD ./Drivers/STM32F7xx_HAL_Driver/Src/stm32f7xx_ll_usb.o
LOAD ./FATFS/App/fatfs.o
LOAD ./FATFS/Target/bsp_driver_sd.o
LOAD ./FATFS/Target/sd_diskio.o
LOAD ./Middlewares/ST/STM32_USB_Device_Library/Class/CDC/Src/usbd_cdc.o
LOAD ./Middlewares/ST/STM32_USB_Device_Library/Core/Src/usbd_core.o
LOAD ./Middlewares/ST/STM32_USB_Device_Library/Core/Src/usbd_ctlreq.o
LOAD ./Middlewares/ST/STM32_USB_Device_Library/Core/Src/usbd_ioreq.o
LOAD ./Middlewares/Third_Party/FatFs/src/diskio.o
LOAD ./Middlewares/Third_Party/FatFs/src/ff.o
LOAD ./Middlewares/Third_Party/FatFs/src/ff_gen_drv.o
LOAD ./Middlewares/Third_Party/FatFs/src/option/syscall.o
LOAD ./USB_DEVICE/App/usb_device.o
LOAD ./USB_DEVICE/App/usbd_cdc_if.o
LOAD ./USB_DEVICE/App/usbd_desc.o
LOAD ./USB_DEVICE/Target/usbd_conf.o
START GROUP
LOAD C:/Users/Sim/AppData/Local/Programs/GCC_13_3/com.st.stm32cube.ide.mcu.externaltools.gnu-tools-for-stm32.13.3.rel1.win32_1.0.100.202509120712/tools/bin/../lib/gcc/arm-none-eabi/13.3.1/../../../../arm-none-eabi/lib/thumb/v7e-m+dp/hard\libc_nano.a
LOAD C:/Users/Sim/AppData/Local/Programs/GCC_13_3/com.st.stm32cube.ide.mcu.externaltools.gnu-tools-for-stm32.13.3.rel1.win32_1.0.100.202509120712/tools/bin/../lib/gcc/arm-none-eabi/13.3.1/../../../../arm-none-eabi/lib/thumb/v7e-m+dp/hard\libm.a
END GROUP
START GROUP
LOAD C:/Users/Sim/AppData/Local/Programs/GCC_13_3/com.st.stm32cube.ide.mcu.externaltools.gnu-tools-for-stm32.13.3.rel1.win32_1.0.100.202509120712/tools/bin/../lib/gcc/arm-none-eabi/13.3.1/thumb/v7e-m+dp/hard\libgcc.a
LOAD C:/Users/Sim/AppData/Local/Programs/GCC_13_3/com.st.stm32cube.ide.mcu.externaltools.gnu-tools-for-stm32.13.3.rel1.win32_1.0.100.202509120712/tools/bin/../lib/gcc/arm-none-eabi/13.3.1/../../../../arm-none-eabi/lib/thumb/v7e-m+dp/hard\libc_nano.a
END GROUP
START GROUP
LOAD C:/Users/Sim/AppData/Local/Programs/GCC_13_3/com.st.stm32cube.ide.mcu.externaltools.gnu-tools-for-stm32.13.3.rel1.win32_1.0.100.202509120712/tools/bin/../lib/gcc/arm-none-eabi/13.3.1/thumb/v7e-m+dp/hard\libgcc.a
LOAD C:/Users/Sim/AppData/Local/Programs/GCC_13_3/com.st.stm32cube.ide.mcu.externaltools.gnu-tools-for-stm32.13.3.rel1.win32_1.0.100.202509120712/tools/bin/../lib/gcc/arm-none-eabi/13.3.1/../../../../arm-none-eabi/lib/thumb/v7e-m+dp/hard\libc_nano.a
LOAD C:/Users/Sim/AppData/Local/Programs/GCC_13_3/com.st.stm32cube.ide.mcu.externaltools.gnu-tools-for-stm32.13.3.rel1.win32_1.0.100.202509120712/tools/bin/../lib/gcc/arm-none-eabi/13.3.1/../../../../arm-none-eabi/lib/thumb/v7e-m+dp/hard\libnosys.a
END GROUP
START GROUP
LOAD C:/Users/Sim/AppData/Local/Programs/GCC_13_3/com.st.stm32cube.ide.mcu.externaltools.gnu-tools-for-stm32.13.3.rel1.win32_1.0.100.202509120712/tools/bin/../lib/gcc/arm-none-eabi/13.3.1/thumb/v7e-m+dp/hard\libgcc.a
LOAD C:/Users/Sim/AppData/Local/Programs/GCC_13_3/com.st.stm32cube.ide.mcu.externaltools.gnu-tools-for-stm32.13.3.rel1.win32_1.0.100.202509120712/tools/bin/../lib/gcc/arm-none-eabi/13.3.1/../../../../arm-none-eabi/lib/thumb/v7e-m+dp/hard\libc_nano.a
LOAD C:/Users/Sim/AppData/Local/Programs/GCC_13_3/com.st.stm32cube.ide.mcu.externaltools.gnu-tools-for-stm32.13.3.rel1.win32_1.0.100.202509120712/tools/bin/../lib/gcc/arm-none-eabi/13.3.1/../../../../arm-none-eabi/lib/thumb/v7e-m+dp/hard\libnosys.a
END GROUP
LOAD C:/Users/Sim/AppData/Local/Programs/GCC_13_3/com.st.stm32cube.ide.mcu.externaltools.gnu-tools-for-stm32.13.3.rel1.win32_1.0.100.202509120712/tools/bin/../lib/gcc/arm-none-eabi/13.3.1/thumb/v7e-m+dp/hard/crtend.o
LOAD C:/Users/Sim/AppData/Local/Programs/GCC_13_3/com.st.stm32cube.ide.mcu.externaltools.gnu-tools-for-stm32.13.3.rel1.win32_1.0.100.202509120712/tools/bin/../lib/gcc/arm-none-eabi/13.3.1/thumb/v7e-m+dp/hard/crtn.o
                0x20080000                        _estack = (ORIGIN (RAM) + LENGTH (RAM))
                0x00000200                        _Min_Heap_Size = 0x200
                0x00000400                        _Min_Stack_Size = 0x400

.isr_vector     0x08000000      0x1f8
                0x08000000                        . = ALIGN (0x4)
 *(.isr_vector)
 .isr_vector    0x08000000      0x1f8 ./Core/Startup/startup_stm32f767zitx.o
                0x08000000                g_pfnVectors
                0x080001f8                        . = ALIGN (0x4)

.text           0x08000200     0xfe90
                0x08000200                        . = ALIGN (0x4)
 *(.text)
 .text          0x08000200       0x40 C:/Users/Sim/AppData/Local/Programs/GCC_13_3/com.st.stm32cube.ide.mcu.externaltools.gnu-tools-for-stm32.13.3.rel1.win32_1.0.100.202509120712/tools/bin/../lib/gcc/arm-none-eabi/13.3.1/thumb/v7e-m+dp/hard/crtbegin.o
 .text          0x08000240       0x10 C:/Users/Sim/AppData/Local/Programs/GCC_13_3/com.st.stm32cube.ide.mcu.externaltools.gnu-tools-for-stm32.13.3.rel1.win32_1.0.100.202509120712/tools/bin/../lib/gcc/arm-none-eabi/13.3.1/../../../../arm-none-eabi/lib/thumb/v7e-m+dp/hard\libc_nano.a(libc_a-strlen.o)
                0x08000240                strlen
 .text          0x08000250       0xa0 C:/Users/Sim/AppData/Local/Programs/GCC_13_3/com.st.stm32cube.ide.mcu.externaltools.gnu-tools-for-stm32.13.3.rel1.win32_1.0.100.202509120712/tools/bin/../lib/gcc/arm-none-eabi/13.3.1/../../../../arm-none-eabi/lib/thumb/v7e-m+dp/hard\libc_nano.a(libc_a-memchr.o)
                0x08000250                memchr
 .text          0x080002f0       0x30 C:/Users/Sim/AppData/Local/Programs/GCC_13_3/com.st.stm32cube.ide.mcu.externaltools.gnu-tools-for-stm32.13.3.rel1.win32_1.0.100.202509120712/tools/bin/../lib/gcc/arm-none-eabi/13.3.1/thumb/v7e-m+dp/hard\libgcc.a(_aeabi_uldivmod.o)
                0x080002f0                __aeabi_uldivmod
 .text          0x08000320      0x2f8 C:/Users/Sim/AppData/Local/Programs/GCC_13_3/com.st.stm32cube.ide.mcu.externaltools.gnu-tools-for-stm32.13.3.rel1.win32_1.0.100.202509120712/tools/bin/../lib/gcc/arm-none-eabi/13.3.1/thumb/v7e-m+dp/hard\libgcc.a(_udivmoddi4.o)
                0x08000320                __udivmoddi4
 .text          0x08000618        0x4 C:/Users/Sim/AppData/Local/Programs/GCC_13_3/com.st.stm32cube.ide.mcu.externaltools.gnu-tools-for-stm32.13.3.rel1.win32_1.0.100.202509120712/tools/bin/../lib/gcc/arm-none-eabi/13.3.1/thumb/v7e-m+dp/hard\libgcc.a(_dvmd_tls.o)
                0x08000618                __aeabi_idiv0
                0x08000618                __aeabi_ldiv0
 *(.text*)
 .text.main     0x0800061c      0x3e0 ./Core/Src/main.o
                0x0800061c                main
 .text.SystemClock_Config
                0x080009fc       0xe0 ./Core/Src/main.o
                0x080009fc                SystemClock_Config
 .text.MX_DMA2D_Init
                0x08000adc       0x70 ./Core/Src/main.o
 .text.MX_ETH_Init
                0x08000b4c       0x90 ./Core/Src/main.o
 .text.MX_I2C4_Init
                0x08000bdc       0x80 ./Core/Src/main.o
 .text.MX_LTDC_Init
                0x08000c5c      0x164 ./Core/Src/main.o
 .text.MX_QUADSPI_Init
                0x08000dc0       0x58 ./Core/Src/main.o
 .text.MX_SDMMC1_SD_Init
                0x08000e18       0x40 ./Core/Src/main.o
 .text.MX_SPI6_Init
                0x08000e58       0x7c ./Core/Src/main.o
 .text.MX_TIM2_Init
                0x08000ed4       0xa8 ./Core/Src/main.o
 .text.MX_TIM4_Init
                0x08000f7c       0xb4 ./Core/Src/main.o
 .text.MX_DMA_Init
                0x08001030       0x4c ./Core/Src/main.o
 .text.MX_FMC_Init
                0x0800107c      0x11c ./Core/Src/main.o
 .text.MX_GPIO_Init
                0x08001198      0x1a0 ./Core/Src/main.o
 .text.MPU_Config
                0x08001338       0x58 ./Core/Src/main.o
 .text.Error_Handler
                0x08001390        0xc ./Core/Src/main.o
                0x08001390                Error_Handler
 .text.HAL_MspInit
                0x0800139c       0x48 ./Core/Src/stm32f7xx_hal_msp.o
                0x0800139c                HAL_MspInit
 .text.HAL_DMA2D_MspInit
                0x080013e4       0x40 ./Core/Src/stm32f7xx_hal_msp.o
                0x080013e4                HAL_DMA2D_MspInit
 .text.HAL_ETH_MspInit
                0x08001424      0x170 ./Core/Src/stm32f7xx_hal_msp.o
                0x08001424                HAL_ETH_MspInit
 .text.HAL_I2C_MspInit
                0x08001594      0x108 ./Core/Src/stm32f7xx_hal_msp.o
                0x08001594                HAL_I2C_MspInit
 .text.HAL_LTDC_MspInit
                0x0800169c      0x2e4 ./Core/Src/stm32f7xx_hal_msp.o
                0x0800169c                HAL_LTDC_MspInit
 .text.HAL_QSPI_MspInit
                0x08001980      0x144 ./Core/Src/stm32f7xx_hal_msp.o
                0x08001980                HAL_QSPI_MspInit
 .text.HAL_SD_MspInit
                0x08001ac4      0x20c ./Core/Src/stm32f7xx_hal_msp.o
                0x08001ac4                HAL_SD_MspInit
 .text.HAL_SPI_MspInit
                0x08001cd0       0x88 ./Core/Src/stm32f7xx_hal_msp.o
                0x08001cd0                HAL_SPI_MspInit
 .text.HAL_TIM_Encoder_MspInit
                0x08001d58       0xc0 ./Core/Src/stm32f7xx_hal_msp.o
                0x08001d58                HAL_TIM_Encoder_MspInit
 .text.HAL_TIM_PWM_MspInit
                0x08001e18       0x40 ./Core/Src/stm32f7xx_hal_msp.o
                0x08001e18                HAL_TIM_PWM_MspInit
 .text.HAL_TIM_MspPostInit
                0x08001e58       0x70 ./Core/Src/stm32f7xx_hal_msp.o
                0x08001e58                HAL_TIM_MspPostInit
 .text.HAL_FMC_MspInit
                0x08001ec8      0x100 ./Core/Src/stm32f7xx_hal_msp.o
 .text.HAL_SDRAM_MspInit
                0x08001fc8       0x14 ./Core/Src/stm32f7xx_hal_msp.o
                0x08001fc8                HAL_SDRAM_MspInit
 .text.NMI_Handler
                0x08001fdc        0x8 ./Core/Src/stm32f7xx_it.o
                0x08001fdc                NMI_Handler
 .text.HardFault_Handler
                0x08001fe4        0x8 ./Core/Src/stm32f7xx_it.o
                0x08001fe4                HardFault_Handler
 .text.MemManage_Handler
                0x08001fec        0x8 ./Core/Src/stm32f7xx_it.o
                0x08001fec                MemManage_Handler
 .text.BusFault_Handler
                0x08001ff4        0x8 ./Core/Src/stm32f7xx_it.o
                0x08001ff4                BusFault_Handler
 .text.UsageFault_Handler
                0x08001ffc        0x8 ./Core/Src/stm32f7xx_it.o
                0x08001ffc                UsageFault_Handler
 .text.SVC_Handler
                0x08002004        0xe ./Core/Src/stm32f7xx_it.o
                0x08002004                SVC_Handler
 .text.DebugMon_Handler
                0x08002012        0xe ./Core/Src/stm32f7xx_it.o
                0x08002012                DebugMon_Handler
 .text.PendSV_Handler
                0x08002020        0xe ./Core/Src/stm32f7xx_it.o
                0x08002020                PendSV_Handler
 .text.SysTick_Handler
                0x0800202e        0xc ./Core/Src/stm32f7xx_it.o
                0x0800202e                SysTick_Handler
 *fill*         0x0800203a        0x2 
 .text.DMA2_Stream3_IRQHandler
                0x0800203c       0x14 ./Core/Src/stm32f7xx_it.o
                0x0800203c                DMA2_Stream3_IRQHandler
 .text.OTG_FS_IRQHandler
                0x08002050       0x14 ./Core/Src/stm32f7xx_it.o
                0x08002050                OTG_FS_IRQHandler
 .text.DMA2_Stream6_IRQHandler
                0x08002064       0x14 ./Core/Src/stm32f7xx_it.o
                0x08002064                DMA2_Stream6_IRQHandler
 .text._sbrk    0x08002078       0x6c ./Core/Src/sysmem.o
                0x08002078                _sbrk
 .text.SystemInit
                0x080020e4       0x24 ./Core/Src/system_stm32f7xx.o
                0x080020e4                SystemInit
 .text.Reset_Handler
                0x08002108       0x50 ./Core/Startup/startup_stm32f767zitx.o
                0x08002108                Reset_Handler
 .text.Default_Handler
                0x08002158        0x2 ./Core/Startup/startup_stm32f767zitx.o
                0x08002158                RTC_Alarm_IRQHandler
                0x08002158                EXTI2_IRQHandler
                0x08002158                TIM8_CC_IRQHandler
                0x08002158                UART8_IRQHandler
                0x08002158                SPI4_IRQHandler
                0x08002158                TIM1_CC_IRQHandler
                0x08002158                DMA2_Stream5_IRQHandler
                0x08002158                JPEG_IRQHandler
                0x08002158                DMA1_Stream5_IRQHandler
                0x08002158                CAN3_RX1_IRQHandler
                0x08002158                PVD_IRQHandler
                0x08002158                TAMP_STAMP_IRQHandler
                0x08002158                CAN2_RX1_IRQHandler
                0x08002158                EXTI3_IRQHandler
                0x08002158                TIM8_TRG_COM_TIM14_IRQHandler
                0x08002158                DFSDM1_FLT1_IRQHandler
                0x08002158                TIM1_UP_TIM10_IRQHandler
                0x08002158                TIM8_UP_TIM13_IRQHandler
                0x08002158                I2C3_ER_IRQHandler
                0x08002158                DFSDM1_FLT2_IRQHandler
                0x08002158                EXTI0_IRQHandler
                0x08002158                I2C2_EV_IRQHandler
                0x08002158                DMA1_Stream2_IRQHandler
                0x08002158                CAN1_RX0_IRQHandler
                0x08002158                FPU_IRQHandler
                0x08002158                OTG_HS_WKUP_IRQHandler
                0x08002158                CAN3_SCE_IRQHandler
                0x08002158                LTDC_ER_IRQHandler
                0x08002158                CAN2_SCE_IRQHandler
                0x08002158                DMA2_Stream2_IRQHandler
                0x08002158                SPI1_IRQHandler
                0x08002158                TIM6_DAC_IRQHandler
                0x08002158                TIM1_BRK_TIM9_IRQHandler
                0x08002158                DCMI_IRQHandler
                0x08002158                CAN2_RX0_IRQHandler
                0x08002158                SAI2_IRQHandler
                0x08002158                DFSDM1_FLT3_IRQHandler
                0x08002158                USART6_IRQHandler
                0x08002158                CAN3_RX0_IRQHandler
                0x08002158                USART3_IRQHandler
                0x08002158                CAN1_RX1_IRQHandler
                0x08002158                UART5_IRQHandler
                0x08002158                DMA2_Stream0_IRQHandler
                0x08002158                TIM4_IRQHandler
                0x08002158                QUADSPI_IRQHandler
                0x08002158                I2C1_EV_IRQHandler
                0x08002158                DMA1_Stream6_IRQHandler
                0x08002158                DMA1_Stream1_IRQHandler
                0x08002158                UART4_IRQHandler
                0x08002158                TIM3_IRQHandler
                0x08002158                RCC_IRQHandler
                0x08002158                TIM8_BRK_TIM12_IRQHandler
                0x08002158                Default_Handler
                0x08002158                CEC_IRQHandler
                0x08002158                EXTI15_10_IRQHandler
                0x08002158                ADC_IRQHandler
                0x08002158                DMA1_Stream7_IRQHandler
                0x08002158                SPI5_IRQHandler
                0x08002158                TIM7_IRQHandler
                0x08002158                SDMMC1_IRQHandler
                0x08002158                CAN2_TX_IRQHandler
                0x08002158                TIM5_IRQHandler
                0x08002158                DMA2_Stream7_IRQHandler
                0x08002158                I2C3_EV_IRQHandler
                0x08002158                EXTI9_5_IRQHandler
                0x08002158                RTC_WKUP_IRQHandler
                0x08002158                LTDC_IRQHandler
                0x08002158                ETH_WKUP_IRQHandler
                0x08002158                SPDIF_RX_IRQHandler
                0x08002158                SPI2_IRQHandler
                0x08002158                OTG_HS_EP1_IN_IRQHandler
                0x08002158                DMA1_Stream0_IRQHandler
                0x08002158                CAN1_TX_IRQHandler
                0x08002158                EXTI4_IRQHandler
                0x08002158                RNG_IRQHandler
                0x08002158                ETH_IRQHandler
                0x08002158                OTG_HS_EP1_OUT_IRQHandler
                0x08002158                WWDG_IRQHandler
                0x08002158                SPI6_IRQHandler
                0x08002158                MDIOS_IRQHandler
                0x08002158                I2C4_EV_IRQHandler
                0x08002158                CAN3_TX_IRQHandler
                0x08002158                TIM2_IRQHandler
                0x08002158                OTG_FS_WKUP_IRQHandler
                0x08002158                TIM1_TRG_COM_TIM11_IRQHandler
                0x08002158                OTG_HS_IRQHandler
                0x08002158                DMA2D_IRQHandler
                0x08002158                EXTI1_IRQHandler
                0x08002158                SDMMC2_IRQHandler
                0x08002158                UART7_IRQHandler
                0x08002158                USART2_IRQHandler
                0x08002158                DFSDM1_FLT0_IRQHandler
                0x08002158                I2C2_ER_IRQHandler
                0x08002158                DMA2_Stream1_IRQHandler
                0x08002158                CAN1_SCE_IRQHandler
                0x08002158                FLASH_IRQHandler
                0x08002158                DMA2_Stream4_IRQHandler
                0x08002158                USART1_IRQHandler
                0x08002158                SPI3_IRQHandler
                0x08002158                DMA1_Stream4_IRQHandler
                0x08002158                I2C1_ER_IRQHandler
                0x08002158                FMC_IRQHandler
                0x08002158                LPTIM1_IRQHandler
                0x08002158                I2C4_ER_IRQHandler
                0x08002158                SAI1_IRQHandler
                0x08002158                DMA1_Stream3_IRQHandler
 .text.HAL_Init
                0x0800215a       0x1a ./Drivers/STM32F7xx_HAL_Driver/Src/stm32f7xx_hal.o
                0x0800215a                HAL_Init
 .text.HAL_InitTick
                0x08002174       0x60 ./Drivers/STM32F7xx_HAL_Driver/Src/stm32f7xx_hal.o
                0x08002174                HAL_InitTick
 .text.HAL_IncTick
                0x080021d4       0x28 ./Drivers/STM32F7xx_HAL_Driver/Src/stm32f7xx_hal.o
                0x080021d4                HAL_IncTick
 .text.HAL_GetTick
                0x080021fc       0x18 ./Drivers/STM32F7xx_HAL_Driver/Src/stm32f7xx_hal.o
                0x080021fc                HAL_GetTick
 .text.HAL_Delay
                0x08002214       0x48 ./Drivers/STM32F7xx_HAL_Driver/Src/stm32f7xx_hal.o
                0x08002214                HAL_Delay
 .text.__NVIC_SetPriorityGrouping
                0x0800225c       0x48 ./Drivers/STM32F7xx_HAL_Driver/Src/stm32f7xx_hal_cortex.o
 .text.__NVIC_GetPriorityGrouping
                0x080022a4       0x1c ./Drivers/STM32F7xx_HAL_Driver/Src/stm32f7xx_hal_cortex.o
 .text.__NVIC_EnableIRQ
                0x080022c0       0x3c ./Drivers/STM32F7xx_HAL_Driver/Src/stm32f7xx_hal_cortex.o
 .text.__NVIC_SetPriority
                0x080022fc       0x54 ./Drivers/STM32F7xx_HAL_Driver/Src/stm32f7xx_hal_cortex.o
 .text.NVIC_EncodePriority
                0x08002350       0x66 ./Drivers/STM32F7xx_HAL_Driver/Src/stm32f7xx_hal_cortex.o
 *fill*         0x080023b6        0x2 
 .text.SysTick_Config
                0x080023b8       0x44 ./Drivers/STM32F7xx_HAL_Driver/Src/stm32f7xx_hal_cortex.o
 .text.HAL_NVIC_SetPriorityGrouping
                0x080023fc       0x16 ./Drivers/STM32F7xx_HAL_Driver/Src/stm32f7xx_hal_cortex.o
                0x080023fc                HAL_NVIC_SetPriorityGrouping
 .text.HAL_NVIC_SetPriority
                0x08002412       0x38 ./Drivers/STM32F7xx_HAL_Driver/Src/stm32f7xx_hal_cortex.o
                0x08002412                HAL_NVIC_SetPriority
 .text.HAL_NVIC_EnableIRQ
                0x0800244a       0x1c ./Drivers/STM32F7xx_HAL_Driver/Src/stm32f7xx_hal_cortex.o
                0x0800244a                HAL_NVIC_EnableIRQ
 .text.HAL_SYSTICK_Config
                0x08002466       0x18 ./Drivers/STM32F7xx_HAL_Driver/Src/stm32f7xx_hal_cortex.o
                0x08002466                HAL_SYSTICK_Config
 *fill*         0x0800247e        0x2 
 .text.HAL_MPU_Disable
                0x08002480       0x30 ./Drivers/STM32F7xx_HAL_Driver/Src/stm32f7xx_hal_cortex.o
                0x08002480                HAL_MPU_Disable
 .text.HAL_MPU_Enable
                0x080024b0       0x40 ./Drivers/STM32F7xx_HAL_Driver/Src/stm32f7xx_hal_cortex.o
                0x080024b0                HAL_MPU_Enable
 .text.HAL_MPU_ConfigRegion
                0x080024f0       0x80 ./Drivers/STM32F7xx_HAL_Driver/Src/stm32f7xx_hal_cortex.o
                0x080024f0                HAL_MPU_ConfigRegion
 .text.HAL_DMA_Init
                0x08002570      0x15c ./Drivers/STM32F7xx_HAL_Driver/Src/stm32f7xx_hal_dma.o
                0x08002570                HAL_DMA_Init
 .text.HAL_DMA_Start_IT
                0x080026cc       0xc0 ./Drivers/STM32F7xx_HAL_Driver/Src/stm32f7xx_hal_dma.o
                0x080026cc                HAL_DMA_Start_IT
 .text.HAL_DMA_IRQHandler
                0x0800278c      0x314 ./Drivers/STM32F7xx_HAL_Driver/Src/stm32f7xx_hal_dma.o
                0x0800278c                HAL_DMA_IRQHandler
 .text.HAL_DMA_GetError
                0x08002aa0       0x18 ./Drivers/STM32F7xx_HAL_Driver/Src/stm32f7xx_hal_dma.o
                0x08002aa0                HAL_DMA_GetError
 .text.DMA_SetConfig
                0x08002ab8       0x5c ./Drivers/STM32F7xx_HAL_Driver/Src/stm32f7xx_hal_dma.o
 .text.DMA_CalcBaseAndBitshift
                0x08002b14       0x6c ./Drivers/STM32F7xx_HAL_Driver/Src/stm32f7xx_hal_dma.o
 .text.DMA_CheckFifoParam
                0x08002b80       0xf8 ./Drivers/STM32F7xx_HAL_Driver/Src/stm32f7xx_hal_dma.o
 .text.HAL_DMA2D_Init
                0x08002c78       0xb4 ./Drivers/STM32F7xx_HAL_Driver/Src/stm32f7xx_hal_dma2d.o
                0x08002c78                HAL_DMA2D_Init
 .text.HAL_DMA2D_ConfigLayer
                0x08002d2c      0x13c ./Drivers/STM32F7xx_HAL_Driver/Src/stm32f7xx_hal_dma2d.o
                0x08002d2c                HAL_DMA2D_ConfigLayer
 .text.HAL_ETH_Init
                0x08002e68      0x134 ./Drivers/STM32F7xx_HAL_Driver/Src/stm32f7xx_hal_eth.o
                0x08002e68                HAL_ETH_Init
 .text.ETH_SetMACConfig
                0x08002f9c      0x168 ./Drivers/STM32F7xx_HAL_Driver/Src/stm32f7xx_hal_eth.o
 .text.ETH_SetDMAConfig
                0x08003104      0x114 ./Drivers/STM32F7xx_HAL_Driver/Src/stm32f7xx_hal_eth.o
 .text.ETH_MACDMAConfig
                0x08003218       0xea ./Drivers/STM32F7xx_HAL_Driver/Src/stm32f7xx_hal_eth.o
 *fill*         0x08003302        0x2 
 .text.ETH_MACAddressConfig
                0x08003304       0x70 ./Drivers/STM32F7xx_HAL_Driver/Src/stm32f7xx_hal_eth.o
 .text.ETH_DMATxDescListInit
                0x08003374       0xb2 ./Drivers/STM32F7xx_HAL_Driver/Src/stm32f7xx_hal_eth.o
 .text.ETH_DMARxDescListInit
                0x08003426       0xde ./Drivers/STM32F7xx_HAL_Driver/Src/stm32f7xx_hal_eth.o
 .text.HAL_GPIO_Init
                0x08003504      0x358 ./Drivers/STM32F7xx_HAL_Driver/Src/stm32f7xx_hal_gpio.o
                0x08003504                HAL_GPIO_Init
 .text.HAL_GPIO_WritePin
                0x0800385c       0x32 ./Drivers/STM32F7xx_HAL_Driver/Src/stm32f7xx_hal_gpio.o
                0x0800385c                HAL_GPIO_WritePin
 .text.HAL_GPIO_TogglePin
                0x0800388e       0x34 ./Drivers/STM32F7xx_HAL_Driver/Src/stm32f7xx_hal_gpio.o
                0x0800388e                HAL_GPIO_TogglePin
 *fill*         0x080038c2        0x2 
 .text.HAL_I2C_Init
                0x080038c4      0x138 ./Drivers/STM32F7xx_HAL_Driver/Src/stm32f7xx_hal_i2c.o
                0x080038c4                HAL_I2C_Init
 .text.HAL_I2CEx_ConfigAnalogFilter
                0x080039fc       0x96 ./Drivers/STM32F7xx_HAL_Driver/Src/stm32f7xx_hal_i2c_ex.o
                0x080039fc                HAL_I2CEx_ConfigAnalogFilter
 .text.HAL_I2CEx_ConfigDigitalFilter
                0x08003a92       0x98 ./Drivers/STM32F7xx_HAL_Driver/Src/stm32f7xx_hal_i2c_ex.o
                0x08003a92                HAL_I2CEx_ConfigDigitalFilter
 .text.HAL_LTDC_Init
                0x08003b2a      0x13a ./Drivers/STM32F7xx_HAL_Driver/Src/stm32f7xx_hal_ltdc.o
                0x08003b2a                HAL_LTDC_Init
 .text.HAL_LTDC_ConfigLayer
                0x08003c64       0x7c ./Drivers/STM32F7xx_HAL_Driver/Src/stm32f7xx_hal_ltdc.o
                0x08003c64                HAL_LTDC_ConfigLayer
 .text.LTDC_SetConfig
                0x08003ce0      0x2ec ./Drivers/STM32F7xx_HAL_Driver/Src/stm32f7xx_hal_ltdc.o
 .text.HAL_PCD_Init
                0x08003fcc      0x22c ./Drivers/STM32F7xx_HAL_Driver/Src/stm32f7xx_hal_pcd.o
                0x08003fcc                HAL_PCD_Init
 .text.HAL_PCD_Start
                0x080041f8       0x44 ./Drivers/STM32F7xx_HAL_Driver/Src/stm32f7xx_hal_pcd.o
                0x080041f8                HAL_PCD_Start
 .text.HAL_PCD_IRQHandler
                0x0800423c      0x99c ./Drivers/STM32F7xx_HAL_Driver/Src/stm32f7xx_hal_pcd.o
                0x0800423c                HAL_PCD_IRQHandler
 .text.HAL_PCD_SetAddress
                0x08004bd8       0x48 ./Drivers/STM32F7xx_HAL_Driver/Src/stm32f7xx_hal_pcd.o
                0x08004bd8                HAL_PCD_SetAddress
 .text.HAL_PCD_EP_Open
                0x08004c20       0xd4 ./Drivers/STM32F7xx_HAL_Driver/Src/stm32f7xx_hal_pcd.o
                0x08004c20                HAL_PCD_EP_Open
 .text.HAL_PCD_EP_Close
                0x08004cf4       0x94 ./Drivers/STM32F7xx_HAL_Driver/Src/stm32f7xx_hal_pcd.o
                0x08004cf4                HAL_PCD_EP_Close
 .text.HAL_PCD_EP_Receive
                0x08004d88       0x76 ./Drivers/STM32F7xx_HAL_Driver/Src/stm32f7xx_hal_pcd.o
                0x08004d88                HAL_PCD_EP_Receive
 .text.HAL_PCD_EP_GetRxCount
                0x08004dfe       0x30 ./Drivers/STM32F7xx_HAL_Driver/Src/stm32f7xx_hal_pcd.o
                0x08004dfe                HAL_PCD_EP_GetRxCount
 .text.HAL_PCD_EP_Transmit
                0x08004e2e       0x74 ./Drivers/STM32F7xx_HAL_Driver/Src/stm32f7xx_hal_pcd.o
                0x08004e2e                HAL_PCD_EP_Transmit
 .text.HAL_PCD_EP_SetStall
                0x08004ea2       0xc6 ./Drivers/STM32F7xx_HAL_Driver/Src/stm32f7xx_hal_pcd.o
                0x08004ea2                HAL_PCD_EP_SetStall
 .text.HAL_PCD_EP_ClrStall
                0x08004f68       0xac ./Drivers/STM32F7xx_HAL_Driver/Src/stm32f7xx_hal_pcd.o
                0x08004f68                HAL_PCD_EP_ClrStall
 .text.HAL_PCD_EP_Abort
                0x08005014       0x62 ./Drivers/STM32F7xx_HAL_Driver/Src/stm32f7xx_hal_pcd.o
                0x08005014                HAL_PCD_EP_Abort
 .text.PCD_WriteEmptyTxFifo
                0x08005076      0x118 ./Drivers/STM32F7xx_HAL_Driver/Src/stm32f7xx_hal_pcd.o
 *fill*         0x0800518e        0x2 
 .text.PCD_EP_OutXfrComplete_int
                0x08005190      0x1d0 ./Drivers/STM32F7xx_HAL_Driver/Src/stm32f7xx_hal_pcd.o
 .text.PCD_EP_OutSetupPacket_int
                0x08005360       0x8c ./Drivers/STM32F7xx_HAL_Driver/Src/stm32f7xx_hal_pcd.o
 .text.HAL_PCDEx_SetTxFiFo
                0x080053ec       0x8e ./Drivers/STM32F7xx_HAL_Driver/Src/stm32f7xx_hal_pcd_ex.o
                0x080053ec                HAL_PCDEx_SetTxFiFo
 .text.HAL_PCDEx_SetRxFiFo
                0x0800547a       0x22 ./Drivers/STM32F7xx_HAL_Driver/Src/stm32f7xx_hal_pcd_ex.o
                0x0800547a                HAL_PCDEx_SetRxFiFo
 .text.HAL_PCDEx_ActivateLPM
                0x0800549c       0x48 ./Drivers/STM32F7xx_HAL_Driver/Src/stm32f7xx_hal_pcd_ex.o
                0x0800549c                HAL_PCDEx_ActivateLPM
 .text.HAL_PWREx_EnableOverDrive
                0x080054e4       0xa0 ./Drivers/STM32F7xx_HAL_Driver/Src/stm32f7xx_hal_pwr_ex.o
                0x080054e4                HAL_PWREx_EnableOverDrive
 .text.HAL_QSPI_Init
                0x08005584       0xf8 ./Drivers/STM32F7xx_HAL_Driver/Src/stm32f7xx_hal_qspi.o
                0x08005584                HAL_QSPI_Init
 .text.HAL_QSPI_SetTimeout
                0x0800567c       0x1c ./Drivers/STM32F7xx_HAL_Driver/Src/stm32f7xx_hal_qspi.o
                0x0800567c                HAL_QSPI_SetTimeout
 .text.QSPI_WaitFlagStateUntilTimeout
                0x08005698       0x6e ./Drivers/STM32F7xx_HAL_Driver/Src/stm32f7xx_hal_qspi.o
 *fill*         0x08005706        0x2 
 .text.HAL_RCC_OscConfig
                0x08005708      0x55c ./Drivers/STM32F7xx_HAL_Driver/Src/stm32f7xx_hal_rcc.o
                0x08005708                HAL_RCC_OscConfig
 .text.HAL_RCC_ClockConfig
                0x08005c64      0x1d8 ./Drivers/STM32F7xx_HAL_Driver/Src/stm32f7xx_hal_rcc.o
                0x08005c64                HAL_RCC_ClockConfig
 .text.HAL_RCC_GetSysClockFreq
                0x08005e3c      0x20c ./Drivers/STM32F7xx_HAL_Driver/Src/stm32f7xx_hal_rcc.o
                0x08005e3c                HAL_RCC_GetSysClockFreq
 .text.HAL_RCC_GetHCLKFreq
                0x08006048       0x18 ./Drivers/STM32F7xx_HAL_Driver/Src/stm32f7xx_hal_rcc.o
                0x08006048                HAL_RCC_GetHCLKFreq
 .text.HAL_RCCEx_PeriphCLKConfig
                0x08006060      0x850 ./Drivers/STM32F7xx_HAL_Driver/Src/stm32f7xx_hal_rcc_ex.o
                0x08006060                HAL_RCCEx_PeriphCLKConfig
 .text.HAL_SD_Init
                0x080068b0       0x60 ./Drivers/STM32F7xx_HAL_Driver/Src/stm32f7xx_hal_sd.o
                0x080068b0                HAL_SD_Init
 .text.HAL_SD_InitCard
                0x08006910      0x100 ./Drivers/STM32F7xx_HAL_Driver/Src/stm32f7xx_hal_sd.o
                0x08006910                HAL_SD_InitCard
 .text.HAL_SD_WriteBlocks
                0x08006a10      0x30c ./Drivers/STM32F7xx_HAL_Driver/Src/stm32f7xx_hal_sd.o
                0x08006a10                HAL_SD_WriteBlocks
 .text.HAL_SD_ReadBlocks_DMA
                0x08006d1c      0x1c4 ./Drivers/STM32F7xx_HAL_Driver/Src/stm32f7xx_hal_sd.o
                0x08006d1c                HAL_SD_ReadBlocks_DMA
 .text.HAL_SD_ErrorCallback
                0x08006ee0       0x14 ./Drivers/STM32F7xx_HAL_Driver/Src/stm32f7xx_hal_sd.o
                0x08006ee0                HAL_SD_ErrorCallback
 .text.HAL_SD_GetCardCSD
                0x08006ef4      0x348 ./Drivers/STM32F7xx_HAL_Driver/Src/stm32f7xx_hal_sd.o
                0x08006ef4                HAL_SD_GetCardCSD
 .text.HAL_SD_GetCardInfo
                0x0800723c       0x58 ./Drivers/STM32F7xx_HAL_Driver/Src/stm32f7xx_hal_sd.o
                0x0800723c                HAL_SD_GetCardInfo
 .text.HAL_SD_ConfigWideBusOperation
                0x08007294      0x134 ./Drivers/STM32F7xx_HAL_Driver/Src/stm32f7xx_hal_sd.o
                0x08007294                HAL_SD_ConfigWideBusOperation
 .text.HAL_SD_GetCardState
                0x080073c8       0x40 ./Drivers/STM32F7xx_HAL_Driver/Src/stm32f7xx_hal_sd.o
                0x080073c8                HAL_SD_GetCardState
 .text.SD_DMAReceiveCplt
                0x08007408       0x70 ./Drivers/STM32F7xx_HAL_Driver/Src/stm32f7xx_hal_sd.o
 .text.SD_DMAError
                0x08007478       0xa4 ./Drivers/STM32F7xx_HAL_Driver/Src/stm32f7xx_hal_sd.o
 .text.SD_InitCard
                0x0800751c      0x19c ./Drivers/STM32F7xx_HAL_Driver/Src/stm32f7xx_hal_sd.o
 .text.SD_PowerON
                0x080076b8      0x11c ./Drivers/STM32F7xx_HAL_Driver/Src/stm32f7xx_hal_sd.o
 .text.SD_SendStatus
                0x080077d4       0x50 ./Drivers/STM32F7xx_HAL_Driver/Src/stm32f7xx_hal_sd.o
 .text.SD_WideBus_Enable
                0x08007824       0x96 ./Drivers/STM32F7xx_HAL_Driver/Src/stm32f7xx_hal_sd.o
 .text.SD_WideBus_Disable
                0x080078ba       0x96 ./Drivers/STM32F7xx_HAL_Driver/Src/stm32f7xx_hal_sd.o
 .text.SD_FindSCR
                0x08007950      0x1a6 ./Drivers/STM32F7xx_HAL_Driver/Src/stm32f7xx_hal_sd.o
 .text.HAL_SDRAM_Init
                0x08007af6       0x68 ./Drivers/STM32F7xx_HAL_Driver/Src/stm32f7xx_hal_sdram.o
                0x08007af6                HAL_SDRAM_Init
 .text.HAL_SDRAM_SendCommand
                0x08007b5e       0x6a ./Drivers/STM32F7xx_HAL_Driver/Src/stm32f7xx_hal_sdram.o
                0x08007b5e                HAL_SDRAM_SendCommand
 .text.HAL_SDRAM_ProgramRefreshRate
                0x08007bc8       0x50 ./Drivers/STM32F7xx_HAL_Driver/Src/stm32f7xx_hal_sdram.o
                0x08007bc8                HAL_SDRAM_ProgramRefreshRate
 .text.HAL_SPI_Init
                0x08007c18      0x156 ./Drivers/STM32F7xx_HAL_Driver/Src/stm32f7xx_hal_spi.o
                0x08007c18                HAL_SPI_Init
 .text.HAL_TIM_PWM_Init
                0x08007d6e       0xae ./Drivers/STM32F7xx_HAL_Driver/Src/stm32f7xx_hal_tim.o
                0x08007d6e                HAL_TIM_PWM_Init
 .text.HAL_TIM_PWM_Start
                0x08007e1c      0x1f4 ./Drivers/STM32F7xx_HAL_Driver/Src/stm32f7xx_hal_tim.o
                0x08007e1c                HAL_TIM_PWM_Start
 .text.HAL_TIM_Encoder_Init
                0x08008010      0x14c ./Drivers/STM32F7xx_HAL_Driver/Src/stm32f7xx_hal_tim.o
                0x08008010                HAL_TIM_Encoder_Init
 .text.HAL_TIM_PWM_ConfigChannel
                0x0800815c      0x228 ./Drivers/STM32F7xx_HAL_Driver/Src/stm32f7xx_hal_tim.o
                0x0800815c                HAL_TIM_PWM_ConfigChannel
 .text.TIM_Base_SetConfig
                0x08008384      0x14c ./Drivers/STM32F7xx_HAL_Driver/Src/stm32f7xx_hal_tim.o
                0x08008384                TIM_Base_SetConfig
 .text.TIM_OC1_SetConfig
                0x080084d0       0xe4 ./Drivers/STM32F7xx_HAL_Driver/Src/stm32f7xx_hal_tim.o
 .text.TIM_OC2_SetConfig
                0x080085b4       0xf0 ./Drivers/STM32F7xx_HAL_Driver/Src/stm32f7xx_hal_tim.o
                0x080085b4                TIM_OC2_SetConfig
 .text.TIM_OC3_SetConfig
                0x080086a4       0xec ./Drivers/STM32F7xx_HAL_Driver/Src/stm32f7xx_hal_tim.o
 .text.TIM_OC4_SetConfig
                0x08008790       0xb0 ./Drivers/STM32F7xx_HAL_Driver/Src/stm32f7xx_hal_tim.o
 .text.TIM_OC5_SetConfig
                0x08008840       0xa4 ./Drivers/STM32F7xx_HAL_Driver/Src/stm32f7xx_hal_tim.o
 .text.TIM_OC6_SetConfig
                0x080088e4       0xa8 ./Drivers/STM32F7xx_HAL_Driver/Src/stm32f7xx_hal_tim.o
 .text.TIM_CCxChannelCmd
                0x0800898c       0x4a ./Drivers/STM32F7xx_HAL_Driver/Src/stm32f7xx_hal_tim.o
                0x0800898c                TIM_CCxChannelCmd
 *fill*         0x080089d6        0x2 
 .text.HAL_TIMEx_MasterConfigSynchronization
                0x080089d8      0x11c ./Drivers/STM32F7xx_HAL_Driver/Src/stm32f7xx_hal_tim_ex.o
                0x080089d8                HAL_TIMEx_MasterConfigSynchronization
 .text.FMC_SDRAM_Init
                0x08008af4       0xb8 ./Drivers/STM32F7xx_HAL_Driver/Src/stm32f7xx_ll_fmc.o
                0x08008af4                FMC_SDRAM_Init
 .text.FMC_SDRAM_Timing_Init
                0x08008bac       0xd4 ./Drivers/STM32F7xx_HAL_Driver/Src/stm32f7xx_ll_fmc.o
                0x08008bac                FMC_SDRAM_Timing_Init
 .text.FMC_SDRAM_SendCommand
                0x08008c80       0x48 ./Drivers/STM32F7xx_HAL_Driver/Src/stm32f7xx_ll_fmc.o
                0x08008c80                FMC_SDRAM_SendCommand
 .text.FMC_SDRAM_ProgramRefreshRate
                0x08008cc8       0x30 ./Drivers/STM32F7xx_HAL_Driver/Src/stm32f7xx_ll_fmc.o
                0x08008cc8                FMC_SDRAM_ProgramRefreshRate
 .text.SDMMC_Init
                0x08008cf8       0x58 ./Drivers/STM32F7xx_HAL_Driver/Src/stm32f7xx_ll_sdmmc.o
                0x08008cf8                SDMMC_Init
 .text.SDMMC_ReadFIFO
                0x08008d50       0x1a ./Drivers/STM32F7xx_HAL_Driver/Src/stm32f7xx_ll_sdmmc.o
                0x08008d50                SDMMC_ReadFIFO
 .text.SDMMC_WriteFIFO
                0x08008d6a       0x22 ./Drivers/STM32F7xx_HAL_Driver/Src/stm32f7xx_ll_sdmmc.o
                0x08008d6a                SDMMC_WriteFIFO
 .text.SDMMC_PowerState_ON
                0x08008d8c       0x1c ./Drivers/STM32F7xx_HAL_Driver/Src/stm32f7xx_ll_sdmmc.o
                0x08008d8c                SDMMC_PowerState_ON
 .text.SDMMC_GetPowerState
                0x08008da8       0x1c ./Drivers/STM32F7xx_HAL_Driver/Src/stm32f7xx_ll_sdmmc.o
                0x08008da8                SDMMC_GetPowerState
 .text.SDMMC_SendCommand
                0x08008dc4       0x54 ./Drivers/STM32F7xx_HAL_Driver/Src/stm32f7xx_ll_sdmmc.o
                0x08008dc4                SDMMC_SendCommand
 .text.SDMMC_GetCommandResponse
                0x08008e18       0x1a ./Drivers/STM32F7xx_HAL_Driver/Src/stm32f7xx_ll_sdmmc.o
                0x08008e18                SDMMC_GetCommandResponse
 .text.SDMMC_GetResponse
                0x08008e32       0x26 ./Drivers/STM32F7xx_HAL_Driver/Src/stm32f7xx_ll_sdmmc.o
                0x08008e32                SDMMC_GetResponse
 .text.SDMMC_ConfigData
                0x08008e58       0x58 ./Drivers/STM32F7xx_HAL_Driver/Src/stm32f7xx_ll_sdmmc.o
                0x08008e58                SDMMC_ConfigData
 .text.SDMMC_CmdBlockLength
                0x08008eb0       0x44 ./Drivers/STM32F7xx_HAL_Driver/Src/stm32f7xx_ll_sdmmc.o
                0x08008eb0                SDMMC_CmdBlockLength
 .text.SDMMC_CmdReadSingleBlock
                0x08008ef4       0x44 ./Drivers/STM32F7xx_HAL_Driver/Src/stm32f7xx_ll_sdmmc.o
                0x08008ef4                SDMMC_CmdReadSingleBlock
 .text.SDMMC_CmdReadMultiBlock
                0x08008f38       0x44 ./Drivers/STM32F7xx_HAL_Driver/Src/stm32f7xx_ll_sdmmc.o
                0x08008f38                SDMMC_CmdReadMultiBlock
 .text.SDMMC_CmdWriteSingleBlock
                0x08008f7c       0x44 ./Drivers/STM32F7xx_HAL_Driver/Src/stm32f7xx_ll_sdmmc.o
                0x08008f7c                SDMMC_CmdWriteSingleBlock
 .text.SDMMC_CmdWriteMultiBlock
                0x08008fc0       0x44 ./Drivers/STM32F7xx_HAL_Driver/Src/stm32f7xx_ll_sdmmc.o
                0x08008fc0                SDMMC_CmdWriteMultiBlock
 .text.SDMMC_CmdStopTransfer
                0x08009004       0x44 ./Drivers/STM32F7xx_HAL_Driver/Src/stm32f7xx_ll_sdmmc.o
                0x08009004                SDMMC_CmdStopTransfer
 .text.SDMMC_CmdSelDesel
                0x08009048       0x46 ./Drivers/STM32F7xx_HAL_Driver/Src/stm32f7xx_ll_sdmmc.o
                0x08009048                SDMMC_CmdSelDesel
 .text.SDMMC_CmdGoIdleState
                0x0800908e       0x3c ./Drivers/STM32F7xx_HAL_Driver/Src/stm32f7xx_ll_sdmmc.o
                0x0800908e                SDMMC_CmdGoIdleState
 .text.SDMMC_CmdOperCond
                0x080090ca       0x3e ./Drivers/STM32F7xx_HAL_Driver/Src/stm32f7xx_ll_sdmmc.o
                0x080090ca                SDMMC_CmdOperCond
 .text.SDMMC_CmdAppCommand
                0x08009108       0x44 ./Drivers/STM32F7xx_HAL_Driver/Src/stm32f7xx_ll_sdmmc.o
                0x08009108                SDMMC_CmdAppCommand
 .text.SDMMC_CmdAppOperCommand
                0x0800914c       0x48 ./Drivers/STM32F7xx_HAL_Driver/Src/stm32f7xx_ll_sdmmc.o
                0x0800914c                SDMMC_CmdAppOperCommand
 .text.SDMMC_CmdBusWidth
                0x08009194       0x44 ./Drivers/STM32F7xx_HAL_Driver/Src/stm32f7xx_ll_sdmmc.o
                0x08009194                SDMMC_CmdBusWidth
 .text.SDMMC_CmdSendSCR
                0x080091d8       0x42 ./Drivers/STM32F7xx_HAL_Driver/Src/stm32f7xx_ll_sdmmc.o
                0x080091d8                SDMMC_CmdSendSCR
 .text.SDMMC_CmdSendCID
                0x0800921a       0x3c ./Drivers/STM32F7xx_HAL_Driver/Src/stm32f7xx_ll_sdmmc.o
                0x0800921a                SDMMC_CmdSendCID
 .text.SDMMC_CmdSendCSD
                0x08009256       0x3e ./Drivers/STM32F7xx_HAL_Driver/Src/stm32f7xx_ll_sdmmc.o
                0x08009256                SDMMC_CmdSendCSD
 .text.SDMMC_CmdSetRelAdd
                0x08009294       0x42 ./Drivers/STM32F7xx_HAL_Driver/Src/stm32f7xx_ll_sdmmc.o
                0x08009294                SDMMC_CmdSetRelAdd
 .text.SDMMC_CmdSendStatus
                0x080092d6       0x44 ./Drivers/STM32F7xx_HAL_Driver/Src/stm32f7xx_ll_sdmmc.o
                0x080092d6                SDMMC_CmdSendStatus
 *fill*         0x0800931a        0x2 
 .text.SDMMC_GetCmdResp1
                0x0800931c      0x1dc ./Drivers/STM32F7xx_HAL_Driver/Src/stm32f7xx_ll_sdmmc.o
                0x0800931c                SDMMC_GetCmdResp1
 .text.SDMMC_GetCmdResp2
                0x080094f8       0x90 ./Drivers/STM32F7xx_HAL_Driver/Src/stm32f7xx_ll_sdmmc.o
                0x080094f8                SDMMC_GetCmdResp2
 .text.SDMMC_GetCmdResp3
                0x08009588       0x7c ./Drivers/STM32F7xx_HAL_Driver/Src/stm32f7xx_ll_sdmmc.o
                0x08009588                SDMMC_GetCmdResp3
 .text.SDMMC_GetCmdResp6
                0x08009604       0xec ./Drivers/STM32F7xx_HAL_Driver/Src/stm32f7xx_ll_sdmmc.o
                0x08009604                SDMMC_GetCmdResp6
 .text.SDMMC_GetCmdResp7
                0x080096f0       0x9c ./Drivers/STM32F7xx_HAL_Driver/Src/stm32f7xx_ll_sdmmc.o
                0x080096f0                SDMMC_GetCmdResp7
 .text.SDMMC_GetCmdError
                0x0800978c       0x58 ./Drivers/STM32F7xx_HAL_Driver/Src/stm32f7xx_ll_sdmmc.o
 .text.USB_CoreInit
                0x080097e4       0xb4 ./Drivers/STM32F7xx_HAL_Driver/Src/stm32f7xx_ll_usb.o
                0x080097e4                USB_CoreInit
 .text.USB_SetTurnaroundTime
                0x08009898      0x144 ./Drivers/STM32F7xx_HAL_Driver/Src/stm32f7xx_ll_usb.o
                0x08009898                USB_SetTurnaroundTime
 .text.USB_EnableGlobalInt
                0x080099dc       0x22 ./Drivers/STM32F7xx_HAL_Driver/Src/stm32f7xx_ll_usb.o
                0x080099dc                USB_EnableGlobalInt
 .text.USB_DisableGlobalInt
                0x080099fe       0x22 ./Drivers/STM32F7xx_HAL_Driver/Src/stm32f7xx_ll_usb.o
                0x080099fe                USB_DisableGlobalInt
 .text.USB_SetCurrentMode
                0x08009a20       0x98 ./Drivers/STM32F7xx_HAL_Driver/Src/stm32f7xx_ll_usb.o
                0x08009a20                USB_SetCurrentMode
 .text.USB_DevInit
                0x08009ab8      0x2bc ./Drivers/STM32F7xx_HAL_Driver/Src/stm32f7xx_ll_usb.o
                0x08009ab8                USB_DevInit
 .text.USB_FlushTxFifo
                0x08009d74       0x64 ./Drivers/STM32F7xx_HAL_Driver/Src/stm32f7xx_ll_usb.o
                0x08009d74                USB_FlushTxFifo
 .text.USB_FlushRxFifo
                0x08009dd8       0x5c ./Drivers/STM32F7xx_HAL_Driver/Src/stm32f7xx_ll_usb.o
                0x08009dd8                USB_FlushRxFifo
 .text.USB_SetDevSpeed
                0x08009e34       0x32 ./Drivers/STM32F7xx_HAL_Driver/Src/stm32f7xx_ll_usb.o
                0x08009e34                USB_SetDevSpeed
 .text.USB_GetDevSpeed
                0x08009e66       0x4a ./Drivers/STM32F7xx_HAL_Driver/Src/stm32f7xx_ll_usb.o
                0x08009e66                USB_GetDevSpeed
 .text.USB_ActivateEndpoint
                0x08009eb0      0x110 ./Drivers/STM32F7xx_HAL_Driver/Src/stm32f7xx_ll_usb.o
                0x08009eb0                USB_ActivateEndpoint
 .text.USB_DeactivateEndpoint
                0x08009fc0      0x1b8 ./Drivers/STM32F7xx_HAL_Driver/Src/stm32f7xx_ll_usb.o
                0x08009fc0                USB_DeactivateEndpoint
 .text.USB_EPStartXfer
                0x0800a178      0x548 ./Drivers/STM32F7xx_HAL_Driver/Src/stm32f7xx_ll_usb.o
                0x0800a178                USB_EPStartXfer
 .text.USB_EPStopXfer
                0x0800a6c0      0x154 ./Drivers/STM32F7xx_HAL_Driver/Src/stm32f7xx_ll_usb.o
                0x0800a6c0                USB_EPStopXfer
 .text.USB_WritePacket
                0x0800a814       0x7c ./Drivers/STM32F7xx_HAL_Driver/Src/stm32f7xx_ll_usb.o
                0x0800a814                USB_WritePacket
 .text.USB_ReadPacket
                0x0800a890       0xb0 ./Drivers/STM32F7xx_HAL_Driver/Src/stm32f7xx_ll_usb.o
                0x0800a890                USB_ReadPacket
 .text.USB_EPSetStall
                0x0800a940       0xdc ./Drivers/STM32F7xx_HAL_Driver/Src/stm32f7xx_ll_usb.o
                0x0800a940                USB_EPSetStall
 .text.USB_EPClearStall
                0x0800aa1c       0xcc ./Drivers/STM32F7xx_HAL_Driver/Src/stm32f7xx_ll_usb.o
                0x0800aa1c                USB_EPClearStall
 .text.USB_SetDevAddress
                0x0800aae8       0x4c ./Drivers/STM32F7xx_HAL_Driver/Src/stm32f7xx_ll_usb.o
                0x0800aae8                USB_SetDevAddress
 .text.USB_DevConnect
                0x0800ab34       0x42 ./Drivers/STM32F7xx_HAL_Driver/Src/stm32f7xx_ll_usb.o
                0x0800ab34                USB_DevConnect
 .text.USB_DevDisconnect
                0x0800ab76       0x42 ./Drivers/STM32F7xx_HAL_Driver/Src/stm32f7xx_ll_usb.o
                0x0800ab76                USB_DevDisconnect
 .text.USB_ReadInterrupts
                0x0800abb8       0x26 ./Drivers/STM32F7xx_HAL_Driver/Src/stm32f7xx_ll_usb.o
                0x0800abb8                USB_ReadInterrupts
 .text.USB_ReadDevAllOutEpInterrupt
                0x0800abde       0x34 ./Drivers/STM32F7xx_HAL_Driver/Src/stm32f7xx_ll_usb.o
                0x0800abde                USB_ReadDevAllOutEpInterrupt
 .text.USB_ReadDevAllInEpInterrupt
                0x0800ac12       0x34 ./Drivers/STM32F7xx_HAL_Driver/Src/stm32f7xx_ll_usb.o
                0x0800ac12                USB_ReadDevAllInEpInterrupt
 .text.USB_ReadDevOutEPInterrupt
                0x0800ac46       0x3c ./Drivers/STM32F7xx_HAL_Driver/Src/stm32f7xx_ll_usb.o
                0x0800ac46                USB_ReadDevOutEPInterrupt
 .text.USB_ReadDevInEPInterrupt
                0x0800ac82       0x5c ./Drivers/STM32F7xx_HAL_Driver/Src/stm32f7xx_ll_usb.o
                0x0800ac82                USB_ReadDevInEPInterrupt
 .text.USB_GetMode
                0x0800acde       0x1c ./Drivers/STM32F7xx_HAL_Driver/Src/stm32f7xx_ll_usb.o
                0x0800acde                USB_GetMode
 *fill*         0x0800acfa        0x2 
 .text.USB_ActivateSetup
                0x0800acfc       0x48 ./Drivers/STM32F7xx_HAL_Driver/Src/stm32f7xx_ll_usb.o
                0x0800acfc                USB_ActivateSetup
 .text.USB_EP0_OutStart
                0x0800ad44       0xbc ./Drivers/STM32F7xx_HAL_Driver/Src/stm32f7xx_ll_usb.o
                0x0800ad44                USB_EP0_OutStart
 .text.USB_CoreReset
                0x0800ae00       0x70 ./Drivers/STM32F7xx_HAL_Driver/Src/stm32f7xx_ll_usb.o
 .text.MX_FATFS_Init
                0x0800ae70       0x24 ./FATFS/App/fatfs.o
                0x0800ae70                MX_FATFS_Init
 .text.BSP_SD_Init
                0x0800ae94       0x4c ./FATFS/Target/bsp_driver_sd.o
                0x0800ae94                BSP_SD_Init
 .text.BSP_SD_WriteBlocks
                0x0800aee0       0x3c ./FATFS/Target/bsp_driver_sd.o
                0x0800aee0                BSP_SD_WriteBlocks
 .text.BSP_SD_ReadBlocks_DMA
                0x0800af1c       0x34 ./FATFS/Target/bsp_driver_sd.o
                0x0800af1c                BSP_SD_ReadBlocks_DMA
 .text.BSP_SD_GetCardState
                0x0800af50       0x20 ./FATFS/Target/bsp_driver_sd.o
                0x0800af50                BSP_SD_GetCardState
 .text.BSP_SD_GetCardInfo
                0x0800af70       0x1c ./FATFS/Target/bsp_driver_sd.o
                0x0800af70                BSP_SD_GetCardInfo
 .text.HAL_SD_RxCpltCallback
                0x0800af8c       0x14 ./FATFS/Target/bsp_driver_sd.o
                0x0800af8c                HAL_SD_RxCpltCallback
 .text.BSP_SD_ReadCpltCallback
                0x0800afa0        0xe ./FATFS/Target/bsp_driver_sd.o
                0x0800afa0                BSP_SD_ReadCpltCallback
 .text.BSP_SD_IsDetected
                0x0800afae       0x1a ./FATFS/Target/bsp_driver_sd.o
                0x0800afae                BSP_SD_IsDetected
 .text.SD_CheckStatus
                0x0800afc8       0x3c ./FATFS/Target/sd_diskio.o
 .text.SD_initialize
                0x0800b004       0x3c ./FATFS/Target/sd_diskio.o
                0x0800b004                SD_initialize
 .text.SD_status
                0x0800b040       0x1c ./FATFS/Target/sd_diskio.o
                0x0800b040                SD_status
 .text.SD_read  0x0800b05c       0x3e ./FATFS/Target/sd_diskio.o
                0x0800b05c                SD_read
 .text.SD_write
                0x0800b09a       0x42 ./FATFS/Target/sd_diskio.o
                0x0800b09a                SD_write
 .text.SD_ioctl
                0x0800b0dc       0xb0 ./FATFS/Target/sd_diskio.o
                0x0800b0dc                SD_ioctl
 .text.USBD_CDC_Init
                0x0800b18c      0x1f0 ./Middlewares/ST/STM32_USB_Device_Library/Class/CDC/Src/usbd_cdc.o
 .text.USBD_CDC_DeInit
                0x0800b37c      0x104 ./Middlewares/ST/STM32_USB_Device_Library/Class/CDC/Src/usbd_cdc.o
 .text.USBD_CDC_Setup
                0x0800b480      0x1b8 ./Middlewares/ST/STM32_USB_Device_Library/Class/CDC/Src/usbd_cdc.o
 .text.USBD_CDC_DataIn
                0x0800b638       0xfe ./Middlewares/ST/STM32_USB_Device_Library/Class/CDC/Src/usbd_cdc.o
 .text.USBD_CDC_DataOut
                0x0800b736       0x70 ./Middlewares/ST/STM32_USB_Device_Library/Class/CDC/Src/usbd_cdc.o
 .text.USBD_CDC_EP0_RxReady
                0x0800b7a6       0x74 ./Middlewares/ST/STM32_USB_Device_Library/Class/CDC/Src/usbd_cdc.o
 *fill*         0x0800b81a        0x2 
 .text.USBD_CDC_GetFSCfgDesc
                0x0800b81c       0x70 ./Middlewares/ST/STM32_USB_Device_Library/Class/CDC/Src/usbd_cdc.o
 .text.USBD_CDC_GetHSCfgDesc
                0x0800b88c       0x70 ./Middlewares/ST/STM32_USB_Device_Library/Class/CDC/Src/usbd_cdc.o
 .text.USBD_CDC_GetOtherSpeedCfgDesc
                0x0800b8fc       0x70 ./Middlewares/ST/STM32_USB_Device_Library/Class/CDC/Src/usbd_cdc.o
 .text.USBD_CDC_GetDeviceQualifierDescriptor
                0x0800b96c       0x20 ./Middlewares/ST/STM32_USB_Device_Library/Class/CDC/Src/usbd_cdc.o
                0x0800b96c                USBD_CDC_GetDeviceQualifierDescriptor
 .text.USBD_CDC_RegisterInterface
                0x0800b98c       0x34 ./Middlewares/ST/STM32_USB_Device_Library/Class/CDC/Src/usbd_cdc.o
                0x0800b98c                USBD_CDC_RegisterInterface
 .text.USBD_CDC_SetTxBuffer
                0x0800b9c0       0x44 ./Middlewares/ST/STM32_USB_Device_Library/Class/CDC/Src/usbd_cdc.o
                0x0800b9c0                USBD_CDC_SetTxBuffer
 .text.USBD_CDC_SetRxBuffer
                0x0800ba04       0x3a ./Middlewares/ST/STM32_USB_Device_Library/Class/CDC/Src/usbd_cdc.o
                0x0800ba04                USBD_CDC_SetRxBuffer
 *fill*         0x0800ba3e        0x2 
 .text.USBD_CDC_TransmitPacket
                0x0800ba40       0x80 ./Middlewares/ST/STM32_USB_Device_Library/Class/CDC/Src/usbd_cdc.o
                0x0800ba40                USBD_CDC_TransmitPacket
 .text.USBD_CDC_ReceivePacket
                0x0800bac0       0x6c ./Middlewares/ST/STM32_USB_Device_Library/Class/CDC/Src/usbd_cdc.o
                0x0800bac0                USBD_CDC_ReceivePacket
 .text.USBD_Init
                0x0800bb2c       0x60 ./Middlewares/ST/STM32_USB_Device_Library/Core/Src/usbd_core.o
                0x0800bb2c                USBD_Init
 .text.USBD_RegisterClass
                0x0800bb8c       0x6c ./Middlewares/ST/STM32_USB_Device_Library/Core/Src/usbd_core.o
                0x0800bb8c                USBD_RegisterClass
 .text.USBD_Start
                0x0800bbf8       0x18 ./Middlewares/ST/STM32_USB_Device_Library/Core/Src/usbd_core.o
                0x0800bbf8                USBD_Start
 .text.USBD_RunTestMode
                0x0800bc10       0x16 ./Middlewares/ST/STM32_USB_Device_Library/Core/Src/usbd_core.o
                0x0800bc10                USBD_RunTestMode
 .text.USBD_SetClassConfig
                0x0800bc26       0x38 ./Middlewares/ST/STM32_USB_Device_Library/Core/Src/usbd_core.o
                0x0800bc26                USBD_SetClassConfig
 .text.USBD_ClrClassConfig
                0x0800bc5e       0x34 ./Middlewares/ST/STM32_USB_Device_Library/Core/Src/usbd_core.o
                0x0800bc5e                USBD_ClrClassConfig
 .text.USBD_LL_SetupStage
                0x0800bc92       0xaa ./Middlewares/ST/STM32_USB_Device_Library/Core/Src/usbd_core.o
                0x0800bc92                USBD_LL_SetupStage
 .text.USBD_LL_DataOutStage
                0x0800bd3c      0x178 ./Middlewares/ST/STM32_USB_Device_Library/Core/Src/usbd_core.o
                0x0800bd3c                USBD_LL_DataOutStage
 .text.USBD_LL_DataInStage
                0x0800beb4      0x176 ./Middlewares/ST/STM32_USB_Device_Library/Core/Src/usbd_core.o
                0x0800beb4                USBD_LL_DataInStage
 .text.USBD_LL_Reset
                0x0800c02a       0xa6 ./Middlewares/ST/STM32_USB_Device_Library/Core/Src/usbd_core.o
                0x0800c02a                USBD_LL_Reset
 .text.USBD_LL_SetSpeed
                0x0800c0d0       0x20 ./Middlewares/ST/STM32_USB_Device_Library/Core/Src/usbd_core.o
                0x0800c0d0                USBD_LL_SetSpeed
 .text.USBD_LL_Suspend
                0x0800c0f0       0x38 ./Middlewares/ST/STM32_USB_Device_Library/Core/Src/usbd_core.o
                0x0800c0f0                USBD_LL_Suspend
 .text.USBD_LL_Resume
                0x0800c128       0x30 ./Middlewares/ST/STM32_USB_Device_Library/Core/Src/usbd_core.o
                0x0800c128                USBD_LL_Resume
 .text.USBD_LL_SOF
                0x0800c158       0x40 ./Middlewares/ST/STM32_USB_Device_Library/Core/Src/usbd_core.o
                0x0800c158                USBD_LL_SOF
 .text.USBD_LL_IsoINIncomplete
                0x0800c198       0x64 ./Middlewares/ST/STM32_USB_Device_Library/Core/Src/usbd_core.o
                0x0800c198                USBD_LL_IsoINIncomplete
 .text.USBD_LL_IsoOUTIncomplete
                0x0800c1fc       0x64 ./Middlewares/ST/STM32_USB_Device_Library/Core/Src/usbd_core.o
                0x0800c1fc                USBD_LL_IsoOUTIncomplete
 .text.USBD_LL_DevConnected
                0x0800c260       0x16 ./Middlewares/ST/STM32_USB_Device_Library/Core/Src/usbd_core.o
                0x0800c260                USBD_LL_DevConnected
 .text.USBD_LL_DevDisconnected
                0x0800c276       0x46 ./Middlewares/ST/STM32_USB_Device_Library/Core/Src/usbd_core.o
                0x0800c276                USBD_LL_DevDisconnected
 .text.USBD_CoreFindIF
                0x0800c2bc       0x1a ./Middlewares/ST/STM32_USB_Device_Library/Core/Src/usbd_core.o
                0x0800c2bc                USBD_CoreFindIF
 .text.USBD_CoreFindEP
                0x0800c2d6       0x1a ./Middlewares/ST/STM32_USB_Device_Library/Core/Src/usbd_core.o
                0x0800c2d6                USBD_CoreFindEP
 .text.USBD_GetEpDesc
                0x0800c2f0       0x70 ./Middlewares/ST/STM32_USB_Device_Library/Core/Src/usbd_core.o
                0x0800c2f0                USBD_GetEpDesc
 .text.USBD_GetNextDesc
                0x0800c360       0x38 ./Middlewares/ST/STM32_USB_Device_Library/Core/Src/usbd_core.o
                0x0800c360                USBD_GetNextDesc
 .text.SWAPBYTE
                0x0800c398       0x3e ./Middlewares/ST/STM32_USB_Device_Library/Core/Src/usbd_ctlreq.o
 *fill*         0x0800c3d6        0x2 
 .text.USBD_StdDevReq
                0x0800c3d8       0xe4 ./Middlewares/ST/STM32_USB_Device_Library/Core/Src/usbd_ctlreq.o
                0x0800c3d8                USBD_StdDevReq
 .text.USBD_StdItfReq
                0x0800c4bc       0xd8 ./Middlewares/ST/STM32_USB_Device_Library/Core/Src/usbd_ctlreq.o
                0x0800c4bc                USBD_StdItfReq
 .text.USBD_StdEPReq
                0x0800c594      0x33e ./Middlewares/ST/STM32_USB_Device_Library/Core/Src/usbd_ctlreq.o
                0x0800c594                USBD_StdEPReq
 *fill*         0x0800c8d2        0x2 
 .text.USBD_GetDescriptor
                0x0800c8d4      0x328 ./Middlewares/ST/STM32_USB_Device_Library/Core/Src/usbd_ctlreq.o
 .text.USBD_SetAddress
                0x0800cbfc       0x88 ./Middlewares/ST/STM32_USB_Device_Library/Core/Src/usbd_ctlreq.o
 .text.USBD_SetConfig
                0x0800cc84      0x154 ./Middlewares/ST/STM32_USB_Device_Library/Core/Src/usbd_ctlreq.o
 .text.USBD_GetConfig
                0x0800cdd8       0x6c ./Middlewares/ST/STM32_USB_Device_Library/Core/Src/usbd_ctlreq.o
 .text.USBD_GetStatus
                0x0800ce44       0x68 ./Middlewares/ST/STM32_USB_Device_Library/Core/Src/usbd_ctlreq.o
 .text.USBD_SetFeature
                0x0800ceac       0x52 ./Middlewares/ST/STM32_USB_Device_Library/Core/Src/usbd_ctlreq.o
 .text.USBD_ClrFeature
                0x0800cefe       0x44 ./Middlewares/ST/STM32_USB_Device_Library/Core/Src/usbd_ctlreq.o
 .text.USBD_ParseSetupRequest
                0x0800cf42       0x74 ./Middlewares/ST/STM32_USB_Device_Library/Core/Src/usbd_ctlreq.o
                0x0800cf42                USBD_ParseSetupRequest
 .text.USBD_CtlError
                0x0800cfb6       0x22 ./Middlewares/ST/STM32_USB_Device_Library/Core/Src/usbd_ctlreq.o
                0x0800cfb6                USBD_CtlError
 .text.USBD_GetString
                0x0800cfd8       0xa4 ./Middlewares/ST/STM32_USB_Device_Library/Core/Src/usbd_ctlreq.o
                0x0800cfd8                USBD_GetString
 .text.USBD_GetLen
                0x0800d07c       0x34 ./Middlewares/ST/STM32_USB_Device_Library/Core/Src/usbd_ctlreq.o
 .text.USBD_CtlSendData
                0x0800d0b0       0x3c ./Middlewares/ST/STM32_USB_Device_Library/Core/Src/usbd_ioreq.o
                0x0800d0b0                USBD_CtlSendData
 .text.USBD_CtlContinueSendData
                0x0800d0ec       0x22 ./Middlewares/ST/STM32_USB_Device_Library/Core/Src/usbd_ioreq.o
                0x0800d0ec                USBD_CtlContinueSendData
 .text.USBD_CtlPrepareRx
                0x0800d10e       0x42 ./Middlewares/ST/STM32_USB_Device_Library/Core/Src/usbd_ioreq.o
                0x0800d10e                USBD_CtlPrepareRx
 .text.USBD_CtlContinueRx
                0x0800d150       0x22 ./Middlewares/ST/STM32_USB_Device_Library/Core/Src/usbd_ioreq.o
                0x0800d150                USBD_CtlContinueRx
 .text.USBD_CtlSendStatus
                0x0800d172       0x26 ./Middlewares/ST/STM32_USB_Device_Library/Core/Src/usbd_ioreq.o
                0x0800d172                USBD_CtlSendStatus
 .text.USBD_CtlReceiveStatus
                0x0800d198       0x26 ./Middlewares/ST/STM32_USB_Device_Library/Core/Src/usbd_ioreq.o
                0x0800d198                USBD_CtlReceiveStatus
 *fill*         0x0800d1be        0x2 
 .text.disk_status
                0x0800d1c0       0x34 ./Middlewares/Third_Party/FatFs/src/diskio.o
                0x0800d1c0                disk_status
 .text.disk_initialize
                0x0800d1f4       0x4c ./Middlewares/Third_Party/FatFs/src/diskio.o
                0x0800d1f4                disk_initialize
 .text.disk_read
                0x0800d240       0x40 ./Middlewares/Third_Party/FatFs/src/diskio.o
                0x0800d240                disk_read
 .text.disk_write
                0x0800d280       0x40 ./Middlewares/Third_Party/FatFs/src/diskio.o
                0x0800d280                disk_write
 .text.ld_word  0x0800d2c0       0x32 ./Middlewares/Third_Party/FatFs/src/ff.o
 .text.ld_dword
                0x0800d2f2       0x46 ./Middlewares/Third_Party/FatFs/src/ff.o
 .text.st_word  0x0800d338       0x36 ./Middlewares/Third_Party/FatFs/src/ff.o
 .text.st_dword
                0x0800d36e       0x58 ./Middlewares/Third_Party/FatFs/src/ff.o
 .text.mem_set  0x0800d3c6       0x36 ./Middlewares/Third_Party/FatFs/src/ff.o
 .text.mem_cmp  0x0800d3fc       0x4e ./Middlewares/Third_Party/FatFs/src/ff.o
 .text.chk_chr  0x0800d44a       0x36 ./Middlewares/Third_Party/FatFs/src/ff.o
 .text.inc_lock
                0x0800d480      0x11c ./Middlewares/Third_Party/FatFs/src/ff.o
 .text.dec_lock
                0x0800d59c       0x78 ./Middlewares/Third_Party/FatFs/src/ff.o
 .text.clear_lock
                0x0800d614       0x48 ./Middlewares/Third_Party/FatFs/src/ff.o
 .text.sync_window
                0x0800d65c       0x88 ./Middlewares/Third_Party/FatFs/src/ff.o
 .text.move_window
                0x0800d6e4       0x5a ./Middlewares/Third_Party/FatFs/src/ff.o
 .text.clust2sect
                0x0800d73e       0x3e ./Middlewares/Third_Party/FatFs/src/ff.o
 .text.get_fat  0x0800d77c      0x14e ./Middlewares/Third_Party/FatFs/src/ff.o
 .text.put_fat  0x0800d8ca      0x1d4 ./Middlewares/Third_Party/FatFs/src/ff.o
 .text.create_chain
                0x0800da9e      0x130 ./Middlewares/Third_Party/FatFs/src/ff.o
 .text.dir_sdi  0x0800dbce       0xf6 ./Middlewares/Third_Party/FatFs/src/ff.o
 .text.dir_next
                0x0800dcc4      0x18a ./Middlewares/Third_Party/FatFs/src/ff.o
 .text.ld_clust
                0x0800de4e       0x3e ./Middlewares/Third_Party/FatFs/src/ff.o
 .text.dir_read
                0x0800de8c       0xba ./Middlewares/Third_Party/FatFs/src/ff.o
 .text.dir_find
                0x0800df46       0xaa ./Middlewares/Third_Party/FatFs/src/ff.o
 .text.get_fileinfo
                0x0800dff0       0xc0 ./Middlewares/Third_Party/FatFs/src/ff.o
 .text.create_name
                0x0800e0b0      0x128 ./Middlewares/Third_Party/FatFs/src/ff.o
 .text.follow_path
                0x0800e1d8       0xe2 ./Middlewares/Third_Party/FatFs/src/ff.o
 .text.get_ldnumber
                0x0800e2ba       0x88 ./Middlewares/Third_Party/FatFs/src/ff.o
 *fill*         0x0800e342        0x2 
 .text.check_fs
                0x0800e344       0xac ./Middlewares/Third_Party/FatFs/src/ff.o
 .text.find_volume
                0x0800e3f0      0x498 ./Middlewares/Third_Party/FatFs/src/ff.o
 .text.validate
                0x0800e888       0x6a ./Middlewares/Third_Party/FatFs/src/ff.o
 *fill*         0x0800e8f2        0x2 
 .text.f_mount  0x0800e8f4       0x8c ./Middlewares/Third_Party/FatFs/src/ff.o
                0x0800e8f4                f_mount
 .text.f_opendir
                0x0800e980       0xe6 ./Middlewares/Third_Party/FatFs/src/ff.o
                0x0800e980                f_opendir
 .text.f_closedir
                0x0800ea66       0x4c ./Middlewares/Third_Party/FatFs/src/ff.o
                0x0800ea66                f_closedir
 .text.f_readdir
                0x0800eab2       0x7a ./Middlewares/Third_Party/FatFs/src/ff.o
                0x0800eab2                f_readdir
 .text.FATFS_LinkDriverEx
                0x0800eb2c       0x98 ./Middlewares/Third_Party/FatFs/src/ff_gen_drv.o
                0x0800eb2c                FATFS_LinkDriverEx
 .text.FATFS_LinkDriver
                0x0800ebc4       0x1e ./Middlewares/Third_Party/FatFs/src/ff_gen_drv.o
                0x0800ebc4                FATFS_LinkDriver
 *fill*         0x0800ebe2        0x2 
 .text.MX_USB_DEVICE_Init
                0x0800ebe4       0x60 ./USB_DEVICE/App/usb_device.o
                0x0800ebe4                MX_USB_DEVICE_Init
 .text.CDC_Init_FS
                0x0800ec44       0x28 ./USB_DEVICE/App/usbd_cdc_if.o
 .text.CDC_DeInit_FS
                0x0800ec6c       0x10 ./USB_DEVICE/App/usbd_cdc_if.o
 .text.CDC_Control_FS
                0x0800ec7c       0xbc ./USB_DEVICE/App/usbd_cdc_if.o
 .text.CDC_Receive_FS
                0x0800ed38       0x28 ./USB_DEVICE/App/usbd_cdc_if.o
 .text.CDC_Transmit_FS
                0x0800ed60       0x4c ./USB_DEVICE/App/usbd_cdc_if.o
                0x0800ed60                CDC_Transmit_FS
 .text.CDC_TransmitCplt_FS
                0x0800edac       0x22 ./USB_DEVICE/App/usbd_cdc_if.o
 *fill*         0x0800edce        0x2 
 .text.USBD_FS_DeviceDescriptor
                0x0800edd0       0x24 ./USB_DEVICE/App/usbd_desc.o
                0x0800edd0                USBD_FS_DeviceDescriptor
 .text.USBD_FS_LangIDStrDescriptor
                0x0800edf4       0x24 ./USB_DEVICE/App/usbd_desc.o
                0x0800edf4                USBD_FS_LangIDStrDescriptor
 .text.USBD_FS_ProductStrDescriptor
                0x0800ee18       0x3c ./USB_DEVICE/App/usbd_desc.o
                0x0800ee18                USBD_FS_ProductStrDescriptor
 .text.USBD_FS_ManufacturerStrDescriptor
                0x0800ee54       0x28 ./USB_DEVICE/App/usbd_desc.o
                0x0800ee54                USBD_FS_ManufacturerStrDescriptor
 .text.USBD_FS_SerialStrDescriptor
                0x0800ee7c       0x24 ./USB_DEVICE/App/usbd_desc.o
                0x0800ee7c                USBD_FS_SerialStrDescriptor
 .text.USBD_FS_ConfigStrDescriptor
                0x0800eea0       0x3c ./USB_DEVICE/App/usbd_desc.o
                0x0800eea0                USBD_FS_ConfigStrDescriptor
 .text.USBD_FS_InterfaceStrDescriptor
                0x0800eedc       0x3c ./USB_DEVICE/App/usbd_desc.o
                0x0800eedc                USBD_FS_InterfaceStrDescriptor
 .text.USBD_FS_USR_BOSDescriptor
                0x0800ef18       0x24 ./USB_DEVICE/App/usbd_desc.o
                0x0800ef18                USBD_FS_USR_BOSDescriptor
 .text.Get_SerialNum
                0x0800ef3c       0x58 ./USB_DEVICE/App/usbd_desc.o
 .text.IntToUnicode
                0x0800ef94       0x7e ./USB_DEVICE/App/usbd_desc.o
 *fill*         0x0800f012        0x2 
 .text.HAL_PCD_MspInit
                0x0800f014       0xe4 ./USB_DEVICE/Target/usbd_conf.o
                0x0800f014                HAL_PCD_MspInit
 .text.HAL_PCD_SetupStageCallback
                0x0800f0f8       0x24 ./USB_DEVICE/Target/usbd_conf.o
                0x0800f0f8                HAL_PCD_SetupStageCallback
 .text.HAL_PCD_DataOutStageCallback
                0x0800f11c       0x36 ./USB_DEVICE/Target/usbd_conf.o
                0x0800f11c                HAL_PCD_DataOutStageCallback
 .text.HAL_PCD_DataInStageCallback
                0x0800f152       0x34 ./USB_DEVICE/Target/usbd_conf.o
                0x0800f152                HAL_PCD_DataInStageCallback
 .text.HAL_PCD_SOFCallback
                0x0800f186       0x1c ./USB_DEVICE/Target/usbd_conf.o
                0x0800f186                HAL_PCD_SOFCallback
 .text.HAL_PCD_ResetCallback
                0x0800f1a2       0x50 ./USB_DEVICE/Target/usbd_conf.o
                0x0800f1a2                HAL_PCD_ResetCallback
 *fill*         0x0800f1f2        0x2 
 .text.HAL_PCD_SuspendCallback
                0x0800f1f4       0x4c ./USB_DEVICE/Target/usbd_conf.o
                0x0800f1f4                HAL_PCD_SuspendCallback
 .text.HAL_PCD_ResumeCallback
                0x0800f240       0x1c ./USB_DEVICE/Target/usbd_conf.o
                0x0800f240                HAL_PCD_ResumeCallback
 .text.HAL_PCD_ISOOUTIncompleteCallback
                0x0800f25c       0x24 ./USB_DEVICE/Target/usbd_conf.o
                0x0800f25c                HAL_PCD_ISOOUTIncompleteCallback
 .text.HAL_PCD_ISOINIncompleteCallback
                0x0800f280       0x24 ./USB_DEVICE/Target/usbd_conf.o
                0x0800f280                HAL_PCD_ISOINIncompleteCallback
 .text.HAL_PCD_ConnectCallback
                0x0800f2a4       0x1c ./USB_DEVICE/Target/usbd_conf.o
                0x0800f2a4                HAL_PCD_ConnectCallback
 .text.HAL_PCD_DisconnectCallback
                0x0800f2c0       0x1c ./USB_DEVICE/Target/usbd_conf.o
                0x0800f2c0                HAL_PCD_DisconnectCallback
 .text.USBD_LL_Init
                0x0800f2dc       0x98 ./USB_DEVICE/Target/usbd_conf.o
                0x0800f2dc                USBD_LL_Init
 .text.USBD_LL_Start
                0x0800f374       0x36 ./USB_DEVICE/Target/usbd_conf.o
                0x0800f374                USBD_LL_Start
 .text.USBD_LL_OpenEP
                0x0800f3aa       0x4c ./USB_DEVICE/Target/usbd_conf.o
                0x0800f3aa                USBD_LL_OpenEP
 .text.USBD_LL_CloseEP
                0x0800f3f6       0x3e ./USB_DEVICE/Target/usbd_conf.o
                0x0800f3f6                USBD_LL_CloseEP
 .text.USBD_LL_StallEP
                0x0800f434       0x3e ./USB_DEVICE/Target/usbd_conf.o
                0x0800f434                USBD_LL_StallEP
 .text.USBD_LL_ClearStallEP
                0x0800f472       0x3e ./USB_DEVICE/Target/usbd_conf.o
                0x0800f472                USBD_LL_ClearStallEP
 .text.USBD_LL_IsStallEP
                0x0800f4b0       0x58 ./USB_DEVICE/Target/usbd_conf.o
                0x0800f4b0                USBD_LL_IsStallEP
 .text.USBD_LL_SetUSBAddress
                0x0800f508       0x3e ./USB_DEVICE/Target/usbd_conf.o
                0x0800f508                USBD_LL_SetUSBAddress
 .text.USBD_LL_Transmit
                0x0800f546       0x42 ./USB_DEVICE/Target/usbd_conf.o
                0x0800f546                USBD_LL_Transmit
 .text.USBD_LL_PrepareReceive
                0x0800f588       0x42 ./USB_DEVICE/Target/usbd_conf.o
                0x0800f588                USBD_LL_PrepareReceive
 .text.USBD_LL_GetRxDataSize
                0x0800f5ca       0x26 ./USB_DEVICE/Target/usbd_conf.o
                0x0800f5ca                USBD_LL_GetRxDataSize
 .text.HAL_PCDEx_LPM_Callback
                0x0800f5f0       0x9c ./USB_DEVICE/Target/usbd_conf.o
                0x0800f5f0                HAL_PCDEx_LPM_Callback
 .text.SystemClockConfig_Resume
                0x0800f68c        0xc ./USB_DEVICE/Target/usbd_conf.o
 .text.USBD_Get_USB_Status
                0x0800f698       0x58 ./USB_DEVICE/Target/usbd_conf.o
                0x0800f698                USBD_Get_USB_Status
 .text.malloc   0x0800f6f0       0x10 C:/Users/Sim/AppData/Local/Programs/GCC_13_3/com.st.stm32cube.ide.mcu.externaltools.gnu-tools-for-stm32.13.3.rel1.win32_1.0.100.202509120712/tools/bin/../lib/gcc/arm-none-eabi/13.3.1/../../../../arm-none-eabi/lib/thumb/v7e-m+dp/hard\libc_nano.a(libc_a-malloc.o)
                0x0800f6f0                malloc
 .text.free     0x0800f700       0x10 C:/Users/Sim/AppData/Local/Programs/GCC_13_3/com.st.stm32cube.ide.mcu.externaltools.gnu-tools-for-stm32.13.3.rel1.win32_1.0.100.202509120712/tools/bin/../lib/gcc/arm-none-eabi/13.3.1/../../../../arm-none-eabi/lib/thumb/v7e-m+dp/hard\libc_nano.a(libc_a-malloc.o)
                0x0800f700                free
 .text.sbrk_aligned
                0x0800f710       0x44 C:/Users/Sim/AppData/Local/Programs/GCC_13_3/com.st.stm32cube.ide.mcu.externaltools.gnu-tools-for-stm32.13.3.rel1.win32_1.0.100.202509120712/tools/bin/../lib/gcc/arm-none-eabi/13.3.1/../../../../arm-none-eabi/lib/thumb/v7e-m+dp/hard\libc_nano.a(libc_a-mallocr.o)
 .text._malloc_r
                0x0800f754      0x100 C:/Users/Sim/AppData/Local/Programs/GCC_13_3/com.st.stm32cube.ide.mcu.externaltools.gnu-tools-for-stm32.13.3.rel1.win32_1.0.100.202509120712/tools/bin/../lib/gcc/arm-none-eabi/13.3.1/../../../../arm-none-eabi/lib/thumb/v7e-m+dp/hard\libc_nano.a(libc_a-mallocr.o)
                0x0800f754                _malloc_r
 .text.__malloc_lock
                0x0800f854        0xc C:/Users/Sim/AppData/Local/Programs/GCC_13_3/com.st.stm32cube.ide.mcu.externaltools.gnu-tools-for-stm32.13.3.rel1.win32_1.0.100.202509120712/tools/bin/../lib/gcc/arm-none-eabi/13.3.1/../../../../arm-none-eabi/lib/thumb/v7e-m+dp/hard\libc_nano.a(libc_a-mlock.o)
                0x0800f854                __malloc_lock
 .text.__malloc_unlock
                0x0800f860        0xc C:/Users/Sim/AppData/Local/Programs/GCC_13_3/com.st.stm32cube.ide.mcu.externaltools.gnu-tools-for-stm32.13.3.rel1.win32_1.0.100.202509120712/tools/bin/../lib/gcc/arm-none-eabi/13.3.1/../../../../arm-none-eabi/lib/thumb/v7e-m+dp/hard\libc_nano.a(libc_a-mlock.o)
                0x0800f860                __malloc_unlock
 .text.snprintf
                0x0800f86c       0x6c C:/Users/Sim/AppData/Local/Programs/GCC_13_3/com.st.stm32cube.ide.mcu.externaltools.gnu-tools-for-stm32.13.3.rel1.win32_1.0.100.202509120712/tools/bin/../lib/gcc/arm-none-eabi/13.3.1/../../../../arm-none-eabi/lib/thumb/v7e-m+dp/hard\libc_nano.a(libc_a-snprintf.o)
                0x0800f86c                sniprintf
                0x0800f86c                snprintf
 .text.memset   0x0800f8d8       0x10 C:/Users/Sim/AppData/Local/Programs/GCC_13_3/com.st.stm32cube.ide.mcu.externaltools.gnu-tools-for-stm32.13.3.rel1.win32_1.0.100.202509120712/tools/bin/../lib/gcc/arm-none-eabi/13.3.1/../../../../arm-none-eabi/lib/thumb/v7e-m+dp/hard\libc_nano.a(libc_a-memset.o)
                0x0800f8d8                memset
 .text._sbrk_r  0x0800f8e8       0x20 C:/Users/Sim/AppData/Local/Programs/GCC_13_3/com.st.stm32cube.ide.mcu.externaltools.gnu-tools-for-stm32.13.3.rel1.win32_1.0.100.202509120712/tools/bin/../lib/gcc/arm-none-eabi/13.3.1/../../../../arm-none-eabi/lib/thumb/v7e-m+dp/hard\libc_nano.a(libc_a-sbrkr.o)
                0x0800f8e8                _sbrk_r
 .text.__errno  0x0800f908        0xc C:/Users/Sim/AppData/Local/Programs/GCC_13_3/com.st.stm32cube.ide.mcu.externaltools.gnu-tools-for-stm32.13.3.rel1.win32_1.0.100.202509120712/tools/bin/../lib/gcc/arm-none-eabi/13.3.1/../../../../arm-none-eabi/lib/thumb/v7e-m+dp/hard\libc_nano.a(libc_a-errno.o)
                0x0800f908                __errno
 .text.__libc_init_array
                0x0800f914       0x48 C:/Users/Sim/AppData/Local/Programs/GCC_13_3/com.st.stm32cube.ide.mcu.externaltools.gnu-tools-for-stm32.13.3.rel1.win32_1.0.100.202509120712/tools/bin/../lib/gcc/arm-none-eabi/13.3.1/../../../../arm-none-eabi/lib/thumb/v7e-m+dp/hard\libc_nano.a(libc_a-init.o)
                0x0800f914                __libc_init_array
 .text.__retarget_lock_acquire_recursive
                0x0800f95c        0x2 C:/Users/Sim/AppData/Local/Programs/GCC_13_3/com.st.stm32cube.ide.mcu.externaltools.gnu-tools-for-stm32.13.3.rel1.win32_1.0.100.202509120712/tools/bin/../lib/gcc/arm-none-eabi/13.3.1/../../../../arm-none-eabi/lib/thumb/v7e-m+dp/hard\libc_nano.a(libc_a-lock.o)
                0x0800f95c                __retarget_lock_acquire_recursive
 .text.__retarget_lock_release_recursive
                0x0800f95e        0x2 C:/Users/Sim/AppData/Local/Programs/GCC_13_3/com.st.stm32cube.ide.mcu.externaltools.gnu-tools-for-stm32.13.3.rel1.win32_1.0.100.202509120712/tools/bin/../lib/gcc/arm-none-eabi/13.3.1/../../../../arm-none-eabi/lib/thumb/v7e-m+dp/hard\libc_nano.a(libc_a-lock.o)
                0x0800f95e                __retarget_lock_release_recursive
 .text._free_r  0x0800f960       0x94 C:/Users/Sim/AppData/Local/Programs/GCC_13_3/com.st.stm32cube.ide.mcu.externaltools.gnu-tools-for-stm32.13.3.rel1.win32_1.0.100.202509120712/tools/bin/../lib/gcc/arm-none-eabi/13.3.1/../../../../arm-none-eabi/lib/thumb/v7e-m+dp/hard\libc_nano.a(libc_a-freer.o)
                0x0800f960                _free_r
 .text.__ssputs_r
                0x0800f9f4       0xb6 C:/Users/Sim/AppData/Local/Programs/GCC_13_3/com.st.stm32cube.ide.mcu.externaltools.gnu-tools-for-stm32.13.3.rel1.win32_1.0.100.202509120712/tools/bin/../lib/gcc/arm-none-eabi/13.3.1/../../../../arm-none-eabi/lib/thumb/v7e-m+dp/hard\libc_nano.a(libc_a-nano-svfprintf.o)
                0x0800f9f4                __ssputs_r
 *fill*         0x0800faaa        0x2 
 .text._svfprintf_r
                0x0800faac      0x1f8 C:/Users/Sim/AppData/Local/Programs/GCC_13_3/com.st.stm32cube.ide.mcu.externaltools.gnu-tools-for-stm32.13.3.rel1.win32_1.0.100.202509120712/tools/bin/../lib/gcc/arm-none-eabi/13.3.1/../../../../arm-none-eabi/lib/thumb/v7e-m+dp/hard\libc_nano.a(libc_a-nano-svfprintf.o)
                0x0800faac                _svfiprintf_r
                0x0800faac                _svfprintf_r
 .text._printf_common
                0x0800fca4       0xda C:/Users/Sim/AppData/Local/Programs/GCC_13_3/com.st.stm32cube.ide.mcu.externaltools.gnu-tools-for-stm32.13.3.rel1.win32_1.0.100.202509120712/tools/bin/../lib/gcc/arm-none-eabi/13.3.1/../../../../arm-none-eabi/lib/thumb/v7e-m+dp/hard\libc_nano.a(libc_a-nano-vfprintf_i.o)
                0x0800fca4                _printf_common
 *fill*         0x0800fd7e        0x2 
 .text._printf_i
                0x0800fd80      0x23c C:/Users/Sim/AppData/Local/Programs/GCC_13_3/com.st.stm32cube.ide.mcu.externaltools.gnu-tools-for-stm32.13.3.rel1.win32_1.0.100.202509120712/tools/bin/../lib/gcc/arm-none-eabi/13.3.1/../../../../arm-none-eabi/lib/thumb/v7e-m+dp/hard\libc_nano.a(libc_a-nano-vfprintf_i.o)
                0x0800fd80                _printf_i
 .text.memmove  0x0800ffbc       0x34 C:/Users/Sim/AppData/Local/Programs/GCC_13_3/com.st.stm32cube.ide.mcu.externaltools.gnu-tools-for-stm32.13.3.rel1.win32_1.0.100.202509120712/tools/bin/../lib/gcc/arm-none-eabi/13.3.1/../../../../arm-none-eabi/lib/thumb/v7e-m+dp/hard\libc_nano.a(libc_a-memmove.o)
                0x0800ffbc                memmove
 .text.memcpy   0x0800fff0       0x1c C:/Users/Sim/AppData/Local/Programs/GCC_13_3/com.st.stm32cube.ide.mcu.externaltools.gnu-tools-for-stm32.13.3.rel1.win32_1.0.100.202509120712/tools/bin/../lib/gcc/arm-none-eabi/13.3.1/../../../../arm-none-eabi/lib/thumb/v7e-m+dp/hard\libc_nano.a(libc_a-memcpy-stub.o)
                0x0800fff0                memcpy
 .text._realloc_r
                0x0801000c       0x5c C:/Users/Sim/AppData/Local/Programs/GCC_13_3/com.st.stm32cube.ide.mcu.externaltools.gnu-tools-for-stm32.13.3.rel1.win32_1.0.100.202509120712/tools/bin/../lib/gcc/arm-none-eabi/13.3.1/../../../../arm-none-eabi/lib/thumb/v7e-m+dp/hard\libc_nano.a(libc_a-reallocr.o)
                0x0801000c                _realloc_r
 .text._malloc_usable_size_r
                0x08010068       0x10 C:/Users/Sim/AppData/Local/Programs/GCC_13_3/com.st.stm32cube.ide.mcu.externaltools.gnu-tools-for-stm32.13.3.rel1.win32_1.0.100.202509120712/tools/bin/../lib/gcc/arm-none-eabi/13.3.1/../../../../arm-none-eabi/lib/thumb/v7e-m+dp/hard\libc_nano.a(libc_a-msizer.o)
                0x08010068                _malloc_usable_size_r
 *(.glue_7)
 .glue_7        0x08010078        0x0 linker stubs
 *(.glue_7t)
 .glue_7t       0x08010078        0x0 linker stubs
 *(.eh_frame)
 .eh_frame      0x08010078        0x0 C:/Users/Sim/AppData/Local/Programs/GCC_13_3/com.st.stm32cube.ide.mcu.externaltools.gnu-tools-for-stm32.13.3.rel1.win32_1.0.100.202509120712/tools/bin/../lib/gcc/arm-none-eabi/13.3.1/thumb/v7e-m+dp/hard/crtbegin.o
 *(.init)
 .init          0x08010078        0x4 C:/Users/Sim/AppData/Local/Programs/GCC_13_3/com.st.stm32cube.ide.mcu.externaltools.gnu-tools-for-stm32.13.3.rel1.win32_1.0.100.202509120712/tools/bin/../lib/gcc/arm-none-eabi/13.3.1/thumb/v7e-m+dp/hard/crti.o
                0x08010078                _init
 .init          0x0801007c        0x8 C:/Users/Sim/AppData/Local/Programs/GCC_13_3/com.st.stm32cube.ide.mcu.externaltools.gnu-tools-for-stm32.13.3.rel1.win32_1.0.100.202509120712/tools/bin/../lib/gcc/arm-none-eabi/13.3.1/thumb/v7e-m+dp/hard/crtn.o
 *(.fini)
 .fini          0x08010084        0x4 C:/Users/Sim/AppData/Local/Programs/GCC_13_3/com.st.stm32cube.ide.mcu.externaltools.gnu-tools-for-stm32.13.3.rel1.win32_1.0.100.202509120712/tools/bin/../lib/gcc/arm-none-eabi/13.3.1/thumb/v7e-m+dp/hard/crti.o
                0x08010084                _fini
 .fini          0x08010088        0x8 C:/Users/Sim/AppData/Local/Programs/GCC_13_3/com.st.stm32cube.ide.mcu.externaltools.gnu-tools-for-stm32.13.3.rel1.win32_1.0.100.202509120712/tools/bin/../lib/gcc/arm-none-eabi/13.3.1/thumb/v7e-m+dp/hard/crtn.o
                0x08010090                        . = ALIGN (0x4)
                0x08010090                        _etext = .

.vfp11_veneer   0x08010090        0x0
 .vfp11_veneer  0x08010090        0x0 linker stubs

.v4_bx          0x08010090        0x0
 .v4_bx         0x08010090        0x0 linker stubs

.iplt           0x08010090        0x0
 .iplt          0x08010090        0x0 C:/Users/Sim/AppData/Local/Programs/GCC_13_3/com.st.stm32cube.ide.mcu.externaltools.gnu-tools-for-stm32.13.3.rel1.win32_1.0.100.202509120712/tools/bin/../lib/gcc/arm-none-eabi/13.3.1/thumb/v7e-m+dp/hard/crtbegin.o

.rodata         0x08010090      0x240
                0x08010090                        . = ALIGN (0x4)
 *(.rodata)
 .rodata        0x08010090       0xd3 ./Core/Src/main.o
 *fill*         0x08010163        0x1 
 .rodata        0x08010164       0x44 ./Middlewares/Third_Party/FatFs/src/ff.o
 .rodata        0x080101a8       0x46 ./USB_DEVICE/App/usbd_desc.o
 *(.rodata*)
 *fill*         0x080101ee        0x2 
 .rodata.AHBPrescTable
                0x080101f0       0x10 ./Core/Src/system_stm32f7xx.o
                0x080101f0                AHBPrescTable
 .rodata.flagBitshiftOffset.0
                0x08010200        0x8 ./Drivers/STM32F7xx_HAL_Driver/Src/stm32f7xx_hal_dma.o
 .rodata.SD_Driver
                0x08010208       0x14 ./FATFS/Target/sd_diskio.o
                0x08010208                SD_Driver
 .rodata.ExCvt  0x0801021c       0x80 ./Middlewares/Third_Party/FatFs/src/ff.o
 .rodata._svfprintf_r.str1.1
                0x0801029c       0x33 C:/Users/Sim/AppData/Local/Programs/GCC_13_3/com.st.stm32cube.ide.mcu.externaltools.gnu-tools-for-stm32.13.3.rel1.win32_1.0.100.202509120712/tools/bin/../lib/gcc/arm-none-eabi/13.3.1/../../../../arm-none-eabi/lib/thumb/v7e-m+dp/hard\libc_nano.a(libc_a-nano-svfprintf.o)
                                 0x11 (size before relaxing)
 .rodata._printf_i.str1.1
                0x080102cf        0x0 C:/Users/Sim/AppData/Local/Programs/GCC_13_3/com.st.stm32cube.ide.mcu.externaltools.gnu-tools-for-stm32.13.3.rel1.win32_1.0.100.202509120712/tools/bin/../lib/gcc/arm-none-eabi/13.3.1/../../../../arm-none-eabi/lib/thumb/v7e-m+dp/hard\libc_nano.a(libc_a-nano-vfprintf_i.o)
                                 0x22 (size before relaxing)
                0x080102d0                        . = ALIGN (0x4)
 *fill*         0x080102cf        0x1 

.ARM.extab      0x080102d0        0x0
                0x080102d0                        . = ALIGN (0x4)
 *(.ARM.extab* .gnu.linkonce.armextab.*)
                0x080102d0                        . = ALIGN (0x4)

.ARM            0x080102d0        0x8
                0x080102d0                        . = ALIGN (0x4)
                0x080102d0                        __exidx_start = .
 *(.ARM.exidx*)
 .ARM.exidx     0x080102d0        0x8 C:/Users/Sim/AppData/Local/Programs/GCC_13_3/com.st.stm32cube.ide.mcu.externaltools.gnu-tools-for-stm32.13.3.rel1.win32_1.0.100.202509120712/tools/bin/../lib/gcc/arm-none-eabi/13.3.1/../../../../arm-none-eabi/lib/thumb/v7e-m+dp/hard\libc_nano.a(libc_a-strlen.o)
 .ARM.exidx     0x080102d8        0x0 C:/Users/Sim/AppData/Local/Programs/GCC_13_3/com.st.stm32cube.ide.mcu.externaltools.gnu-tools-for-stm32.13.3.rel1.win32_1.0.100.202509120712/tools/bin/../lib/gcc/arm-none-eabi/13.3.1/../../../../arm-none-eabi/lib/thumb/v7e-m+dp/hard\libc_nano.a(libc_a-memchr.o)
                                  0x8 (size before relaxing)
 .ARM.exidx     0x080102d8        0x0 C:/Users/Sim/AppData/Local/Programs/GCC_13_3/com.st.stm32cube.ide.mcu.externaltools.gnu-tools-for-stm32.13.3.rel1.win32_1.0.100.202509120712/tools/bin/../lib/gcc/arm-none-eabi/13.3.1/thumb/v7e-m+dp/hard\libgcc.a(_udivmoddi4.o)
                                  0x8 (size before relaxing)
                0x080102d8                        __exidx_end = .
                0x080102d8                        . = ALIGN (0x4)

.preinit_array  0x080102d8        0x0
                0x080102d8                        . = ALIGN (0x4)
                0x080102d8                        PROVIDE (__preinit_array_start = .)
 *(.preinit_array*)
                0x080102d8                        PROVIDE (__preinit_array_end = .)
                0x080102d8                        . = ALIGN (0x4)

.init_array     0x080102d8        0x4
                0x080102d8                        . = ALIGN (0x4)
                0x080102d8                        PROVIDE (__init_array_start = .)
 *(SORT_BY_NAME(.init_array.*))
 *(.init_array*)
 .init_array    0x080102d8        0x4 C:/Users/Sim/AppData/Local/Programs/GCC_13_3/com.st.stm32cube.ide.mcu.externaltools.gnu-tools-for-stm32.13.3.rel1.win32_1.0.100.202509120712/tools/bin/../lib/gcc/arm-none-eabi/13.3.1/thumb/v7e-m+dp/hard/crtbegin.o
                0x080102dc                        PROVIDE (__init_array_end = .)
                0x080102dc                        . = ALIGN (0x4)

.fini_array     0x080102dc        0x4
                0x080102dc                        . = ALIGN (0x4)
                [!provide]                        PROVIDE (__fini_array_start = .)
 *(SORT_BY_NAME(.fini_array.*))
 *(.fini_array*)
 .fini_array    0x080102dc        0x4 C:/Users/Sim/AppData/Local/Programs/GCC_13_3/com.st.stm32cube.ide.mcu.externaltools.gnu-tools-for-stm32.13.3.rel1.win32_1.0.100.202509120712/tools/bin/../lib/gcc/arm-none-eabi/13.3.1/thumb/v7e-m+dp/hard/crtbegin.o
                [!provide]                        PROVIDE (__fini_array_end = .)
                0x080102e0                        . = ALIGN (0x4)
                0x080102e0                        _sidata = LOADADDR (.data)

.rel.dyn        0x080102e0        0x0
 .rel.iplt      0x080102e0        0x0 C:/Users/Sim/AppData/Local/Programs/GCC_13_3/com.st.stm32cube.ide.mcu.externaltools.gnu-tools-for-stm32.13.3.rel1.win32_1.0.100.202509120712/tools/bin/../lib/gcc/arm-none-eabi/13.3.1/thumb/v7e-m+dp/hard/crtbegin.o

.data           0x20000000      0x15c load address 0x080102e0
                0x20000000                        . = ALIGN (0x4)
                0x20000000                        _sdata = .
 *(.data)
 *(.data*)
 .data.SystemCoreClock
                0x20000000        0x4 ./Core/Src/system_stm32f7xx.o
                0x20000000                SystemCoreClock
 .data.uwTickPrio
                0x20000004        0x4 ./Drivers/STM32F7xx_HAL_Driver/Src/stm32f7xx_hal.o
                0x20000004                uwTickPrio
 .data.uwTickFreq
                0x20000008        0x1 ./Drivers/STM32F7xx_HAL_Driver/Src/stm32f7xx_hal.o
                0x20000008                uwTickFreq
 .data.Stat     0x20000009        0x1 ./FATFS/Target/sd_diskio.o
 *fill*         0x2000000a        0x2 
 .data.USBD_CDC_DeviceQualifierDesc
                0x2000000c        0xa ./Middlewares/ST/STM32_USB_Device_Library/Class/CDC/Src/usbd_cdc.o
 *fill*         0x20000016        0x2 
 .data.USBD_CDC
                0x20000018       0x38 ./Middlewares/ST/STM32_USB_Device_Library/Class/CDC/Src/usbd_cdc.o
                0x20000018                USBD_CDC
 .data.USBD_CDC_CfgDesc
                0x20000050       0x43 ./Middlewares/ST/STM32_USB_Device_Library/Class/CDC/Src/usbd_cdc.o
 .data.CDCInEpAdd
                0x20000093        0x1 ./Middlewares/ST/STM32_USB_Device_Library/Class/CDC/Src/usbd_cdc.o
 .data.CDCOutEpAdd
                0x20000094        0x1 ./Middlewares/ST/STM32_USB_Device_Library/Class/CDC/Src/usbd_cdc.o
 .data.CDCCmdEpAdd
                0x20000095        0x1 ./Middlewares/ST/STM32_USB_Device_Library/Class/CDC/Src/usbd_cdc.o
 *fill*         0x20000096        0x2 
 .data.USBD_Interface_fops_FS
                0x20000098       0x14 ./USB_DEVICE/App/usbd_cdc_if.o
                0x20000098                USBD_Interface_fops_FS
 .data.FS_Desc  0x200000ac       0x20 ./USB_DEVICE/App/usbd_desc.o
                0x200000ac                FS_Desc
 .data.USBD_FS_DeviceDesc
                0x200000cc       0x12 ./USB_DEVICE/App/usbd_desc.o
                0x200000cc                USBD_FS_DeviceDesc
 *fill*         0x200000de        0x2 
 .data.USBD_FS_BOSDesc
                0x200000e0        0xc ./USB_DEVICE/App/usbd_desc.o
                0x200000e0                USBD_FS_BOSDesc
 .data.USBD_LangIDDesc
                0x200000ec        0x4 ./USB_DEVICE/App/usbd_desc.o
                0x200000ec                USBD_LangIDDesc
 .data.USBD_StringSerial
                0x200000f0       0x1a ./USB_DEVICE/App/usbd_desc.o
                0x200000f0                USBD_StringSerial
 *fill*         0x2000010a        0x2 
 .data._impure_ptr
                0x2000010c        0x4 C:/Users/Sim/AppData/Local/Programs/GCC_13_3/com.st.stm32cube.ide.mcu.externaltools.gnu-tools-for-stm32.13.3.rel1.win32_1.0.100.202509120712/tools/bin/../lib/gcc/arm-none-eabi/13.3.1/../../../../arm-none-eabi/lib/thumb/v7e-m+dp/hard\libc_nano.a(libc_a-impure.o)
                0x2000010c                _impure_ptr
 .data._impure_data
                0x20000110       0x4c C:/Users/Sim/AppData/Local/Programs/GCC_13_3/com.st.stm32cube.ide.mcu.externaltools.gnu-tools-for-stm32.13.3.rel1.win32_1.0.100.202509120712/tools/bin/../lib/gcc/arm-none-eabi/13.3.1/../../../../arm-none-eabi/lib/thumb/v7e-m+dp/hard\libc_nano.a(libc_a-impure.o)
                0x20000110                _impure_data
 *(.RamFunc)
 *(.RamFunc*)
                0x2000015c                        . = ALIGN (0x4)
                0x2000015c                        _edata = .

.igot.plt       0x2000015c        0x0 load address 0x0801043c
 .igot.plt      0x2000015c        0x0 C:/Users/Sim/AppData/Local/Programs/GCC_13_3/com.st.stm32cube.ide.mcu.externaltools.gnu-tools-for-stm32.13.3.rel1.win32_1.0.100.202509120712/tools/bin/../lib/gcc/arm-none-eabi/13.3.1/thumb/v7e-m+dp/hard/crtbegin.o

.RxDecripSection
                0x2000015c       0xa0 load address 0x0801043c
 .RxDecripSection
                0x2000015c       0xa0 ./Core/Src/main.o
                0x2000015c                DMARxDscrTab

.TxDecripSection
                0x200001fc       0xa0 load address 0x080104dc
 .TxDecripSection
                0x200001fc       0xa0 ./Core/Src/main.o
                0x200001fc                DMATxDscrTab
                0x2000029c                        . = ALIGN (0x4)

.bss            0x2000029c     0x22a0 load address 0x0801057c
                0x2000029c                        _sbss = .
                0x2000029c                        __bss_start__ = _sbss
 *(.bss)
 .bss           0x2000029c       0x1c C:/Users/Sim/AppData/Local/Programs/GCC_13_3/com.st.stm32cube.ide.mcu.externaltools.gnu-tools-for-stm32.13.3.rel1.win32_1.0.100.202509120712/tools/bin/../lib/gcc/arm-none-eabi/13.3.1/thumb/v7e-m+dp/hard/crtbegin.o
 *(.bss*)
 .bss.TxConfig  0x200002b8       0x38 ./Core/Src/main.o
                0x200002b8                TxConfig
 .bss.hdma2d    0x200002f0       0x58 ./Core/Src/main.o
                0x200002f0                hdma2d
 .bss.heth      0x20000348       0xb0 ./Core/Src/main.o
                0x20000348                heth
 .bss.hi2c4     0x200003f8       0x54 ./Core/Src/main.o
                0x200003f8                hi2c4
 .bss.hltdc     0x2000044c       0xa8 ./Core/Src/main.o
                0x2000044c                hltdc
 .bss.hqspi     0x200004f4       0x4c ./Core/Src/main.o
                0x200004f4                hqspi
 .bss.hsd1      0x20000540       0x84 ./Core/Src/main.o
                0x20000540                hsd1
 .bss.hdma_sdmmc1_rx
                0x200005c4       0x60 ./Core/Src/main.o