../Core/Src/main.c:119:5:main	256	static,ignoring_inline_asm
../Core/Src/main.c:300:6:SystemClock_Config	88	static
../Core/Src/main.c:354:13:MX_DMA2D_Init	8	static
../Core/Src/main.c:393:13:MX_ETH_Init	8	static
../Core/Src/main.c:443:13:MX_I2C4_Init	8	static
../Core/Src/main.c:491:13:MX_LTDC_Init	112	static
../Core/Src/main.c:573:13:MX_QUADSPI_Init	8	static
../Core/Src/main.c:608:13:MX_SDMMC1_SD_Init	4	static
../Core/Src/main.c:636:13:MX_SPI6_Init	8	static
../Core/Src/main.c:676:13:MX_TIM2_Init	56	static
../Core/Src/main.c:725:13:MX_TIM4_Init	48	static
../Core/Src/main.c:772:13:MX_DMA_Init	16	static
../Core/Src/main.c:789:13:MX_FMC_Init	56	static
../Core/Src/main.c:871:13:MX_GPIO_Init	64	static
../Core/Src/main.c:941:6:MPU_Config	24	static
../Core/Src/main.c:972:6:Error_Handler	4	static,ignoring_inline_asm
