../Core/Src/stm32f7xx_hal_msp.c:68:6:HAL_MspInit	16	static
../Core/Src/stm32f7xx_hal_msp.c:91:6:HAL_DMA2D_MspInit	24	static
../Core/Src/stm32f7xx_hal_msp.c:114:6:HAL_DMA2D_MspDeInit	16	static
../Core/Src/stm32f7xx_hal_msp.c:136:6:HAL_ETH_MspInit	64	static
../Core/Src/stm32f7xx_hal_msp.c:204:6:HAL_ETH_MspDeInit	16	static
../Core/Src/stm32f7xx_hal_msp.c:246:6:HAL_I2C_MspInit	192	static
../Core/Src/stm32f7xx_hal_msp.c:301:6:HAL_I2C_MspDeInit	16	static
../Core/Src/stm32f7xx_hal_msp.c:332:6:HAL_LTDC_MspInit	208	static
../Core/Src/stm32f7xx_hal_msp.c:472:6:HAL_LTDC_MspDeInit	16	static
../Core/Src/stm32f7xx_hal_msp.c:531:6:HAL_QSPI_MspInit	56	static
../Core/Src/stm32f7xx_hal_msp.c:602:6:HAL_QSPI_MspDeInit	16	static
../Core/Src/stm32f7xx_hal_msp.c:639:6:HAL_SD_MspInit	192	static
../Core/Src/stm32f7xx_hal_msp.c:744:6:HAL_SD_MspDeInit	16	static
../Core/Src/stm32f7xx_hal_msp.c:783:6:HAL_SPI_MspInit	48	static
../Core/Src/stm32f7xx_hal_msp.c:820:6:HAL_SPI_MspDeInit	16	static
../Core/Src/stm32f7xx_hal_msp.c:849:6:HAL_TIM_Encoder_MspInit	48	static
../Core/Src/stm32f7xx_hal_msp.c:894:6:HAL_TIM_PWM_MspInit	24	static
../Core/Src/stm32f7xx_hal_msp.c:911:6:HAL_TIM_MspPostInit	40	static
../Core/Src/stm32f7xx_hal_msp.c:943:6:HAL_TIM_Encoder_MspDeInit	16	static
../Core/Src/stm32f7xx_hal_msp.c:974:6:HAL_TIM_PWM_MspDeInit	16	static
../Core/Src/stm32f7xx_hal_msp.c:992:13:HAL_FMC_MspInit	32	static
../Core/Src/stm32f7xx_hal_msp.c:1091:6:HAL_SDRAM_MspInit	16	static
../Core/Src/stm32f7xx_hal_msp.c:1103:13:HAL_FMC_MspDeInit	8	static
../Core/Src/stm32f7xx_hal_msp.c:1175:6:HAL_SDRAM_MspDeInit	16	static
